Archive member included to satisfy reference by file (symbol)

/home/khoi/.eclipse/com.st.stm32cube.ide.mcu.rcp.product_1.13.2_139062293_linux_gtk_x86_64/plugins/com.st.stm32cube.ide.mcu.externaltools.gnu-tools-for-stm32.10.3-2021.10.linux64_1.1.0.202305091550/tools/bin/../lib/gcc/arm-none-eabi/10.3.1/../../../../arm-none-eabi/lib/thumb/v7e-m+fp/hard/libc_nano.a(lib_a-errno.o)
                              ./Core/Src/syscalls.o (__errno)
/home/khoi/.eclipse/com.st.stm32cube.ide.mcu.rcp.product_1.13.2_139062293_linux_gtk_x86_64/plugins/com.st.stm32cube.ide.mcu.externaltools.gnu-tools-for-stm32.10.3-2021.10.linux64_1.1.0.202305091550/tools/bin/../lib/gcc/arm-none-eabi/10.3.1/../../../../arm-none-eabi/lib/thumb/v7e-m+fp/hard/libc_nano.a(lib_a-exit.o)
                              /home/khoi/.eclipse/com.st.stm32cube.ide.mcu.rcp.product_1.13.2_139062293_linux_gtk_x86_64/plugins/com.st.stm32cube.ide.mcu.externaltools.gnu-tools-for-stm32.10.3-2021.10.linux64_1.1.0.202305091550/tools/bin/../lib/gcc/arm-none-eabi/10.3.1/../../../../arm-none-eabi/lib/thumb/v7e-m+fp/hard/crt0.o (exit)
/home/khoi/.eclipse/com.st.stm32cube.ide.mcu.rcp.product_1.13.2_139062293_linux_gtk_x86_64/plugins/com.st.stm32cube.ide.mcu.externaltools.gnu-tools-for-stm32.10.3-2021.10.linux64_1.1.0.202305091550/tools/bin/../lib/gcc/arm-none-eabi/10.3.1/../../../../arm-none-eabi/lib/thumb/v7e-m+fp/hard/libc_nano.a(lib_a-impure.o)
                              /home/khoi/.eclipse/com.st.stm32cube.ide.mcu.rcp.product_1.13.2_139062293_linux_gtk_x86_64/plugins/com.st.stm32cube.ide.mcu.externaltools.gnu-tools-for-stm32.10.3-2021.10.linux64_1.1.0.202305091550/tools/bin/../lib/gcc/arm-none-eabi/10.3.1/../../../../arm-none-eabi/lib/thumb/v7e-m+fp/hard/libc_nano.a(lib_a-exit.o) (_global_impure_ptr)
/home/khoi/.eclipse/com.st.stm32cube.ide.mcu.rcp.product_1.13.2_139062293_linux_gtk_x86_64/plugins/com.st.stm32cube.ide.mcu.externaltools.gnu-tools-for-stm32.10.3-2021.10.linux64_1.1.0.202305091550/tools/bin/../lib/gcc/arm-none-eabi/10.3.1/../../../../arm-none-eabi/lib/thumb/v7e-m+fp/hard/libc_nano.a(lib_a-init.o)
                              /home/khoi/.eclipse/com.st.stm32cube.ide.mcu.rcp.product_1.13.2_139062293_linux_gtk_x86_64/plugins/com.st.stm32cube.ide.mcu.externaltools.gnu-tools-for-stm32.10.3-2021.10.linux64_1.1.0.202305091550/tools/bin/../lib/gcc/arm-none-eabi/10.3.1/../../../../arm-none-eabi/lib/thumb/v7e-m+fp/hard/crt0.o (__libc_init_array)
/home/khoi/.eclipse/com.st.stm32cube.ide.mcu.rcp.product_1.13.2_139062293_linux_gtk_x86_64/plugins/com.st.stm32cube.ide.mcu.externaltools.gnu-tools-for-stm32.10.3-2021.10.linux64_1.1.0.202305091550/tools/bin/../lib/gcc/arm-none-eabi/10.3.1/../../../../arm-none-eabi/lib/thumb/v7e-m+fp/hard/libc_nano.a(lib_a-memset.o)
                              /home/khoi/.eclipse/com.st.stm32cube.ide.mcu.rcp.product_1.13.2_139062293_linux_gtk_x86_64/plugins/com.st.stm32cube.ide.mcu.externaltools.gnu-tools-for-stm32.10.3-2021.10.linux64_1.1.0.202305091550/tools/bin/../lib/gcc/arm-none-eabi/10.3.1/../../../../arm-none-eabi/lib/thumb/v7e-m+fp/hard/crt0.o (memset)
/home/khoi/.eclipse/com.st.stm32cube.ide.mcu.rcp.product_1.13.2_139062293_linux_gtk_x86_64/plugins/com.st.stm32cube.ide.mcu.externaltools.gnu-tools-for-stm32.10.3-2021.10.linux64_1.1.0.202305091550/tools/bin/../lib/gcc/arm-none-eabi/10.3.1/../../../../arm-none-eabi/lib/thumb/v7e-m+fp/hard/libc_nano.a(lib_a-sprintf.o)
                              ./Core/Src/main.o (sprintf)
/home/khoi/.eclipse/com.st.stm32cube.ide.mcu.rcp.product_1.13.2_139062293_linux_gtk_x86_64/plugins/com.st.stm32cube.ide.mcu.externaltools.gnu-tools-for-stm32.10.3-2021.10.linux64_1.1.0.202305091550/tools/bin/../lib/gcc/arm-none-eabi/10.3.1/../../../../arm-none-eabi/lib/thumb/v7e-m+fp/hard/libc_nano.a(lib_a-nano-svfprintf.o)
                              /home/khoi/.eclipse/com.st.stm32cube.ide.mcu.rcp.product_1.13.2_139062293_linux_gtk_x86_64/plugins/com.st.stm32cube.ide.mcu.externaltools.gnu-tools-for-stm32.10.3-2021.10.linux64_1.1.0.202305091550/tools/bin/../lib/gcc/arm-none-eabi/10.3.1/../../../../arm-none-eabi/lib/thumb/v7e-m+fp/hard/libc_nano.a(lib_a-sprintf.o) (_svfprintf_r)
/home/khoi/.eclipse/com.st.stm32cube.ide.mcu.rcp.product_1.13.2_139062293_linux_gtk_x86_64/plugins/com.st.stm32cube.ide.mcu.externaltools.gnu-tools-for-stm32.10.3-2021.10.linux64_1.1.0.202305091550/tools/bin/../lib/gcc/arm-none-eabi/10.3.1/../../../../arm-none-eabi/lib/thumb/v7e-m+fp/hard/libc_nano.a(lib_a-nano-vfprintf_i.o)
                              /home/khoi/.eclipse/com.st.stm32cube.ide.mcu.rcp.product_1.13.2_139062293_linux_gtk_x86_64/plugins/com.st.stm32cube.ide.mcu.externaltools.gnu-tools-for-stm32.10.3-2021.10.linux64_1.1.0.202305091550/tools/bin/../lib/gcc/arm-none-eabi/10.3.1/../../../../arm-none-eabi/lib/thumb/v7e-m+fp/hard/libc_nano.a(lib_a-nano-svfprintf.o) (_printf_i)
[...]
Memory Configuration

Name             Origin             Length             Attributes
CCMRAM           0x0000000010000000 0x0000000000010000 xrw
RAM              0x0000000020000000 0x0000000000020000 xrw
FLASH            0x0000000008000000 0x0000000000080000 xr
*default*        0x0000000000000000 0xffffffffffffffff

Linker script and memory map

LOAD /home/khoi/.eclipse/com.st.stm32cube.ide.mcu.rcp.product_1.13.2_139062293_linux_gtk_x86_64/plugins/com.st.stm32cube.ide.mcu.externaltools.gnu-tools-for-stm32.10.3-2021.10.linux64_1.1.0.202305091550/tools/bin/../lib/gcc/arm-none-eabi/10.3.1/thumb/v7e-m+fp/hard/crti.o
LOAD /home/khoi/.eclipse/com.st.stm32cube.ide.mcu.rcp.product_1.13.2_139062293_linux_gtk_x86_64/plugins/com.st.stm32cube.ide.mcu.externaltools.gnu-tools-for-stm32.10.3-2021.10.linux64_1.1.0.202305091550/tools/bin/../lib/gcc/arm-none-eabi/10.3.1/thumb/v7e-m+fp/hard/crtbegin.o
LOAD /home/khoi/.eclipse/com.st.stm32cube.ide.mcu.rcp.product_1.13.2_139062293_linux_gtk_x86_64/plugins/com.st.stm32cube.ide.mcu.externaltools.gnu-tools-for-stm32.10.3-2021.10.linux64_1.1.0.202305091550/tools/bin/../lib/gcc/arm-none-eabi/10.3.1/../../../../arm-none-eabi/lib/thumb/v7e-m+fp/hard/crt0.o
LOAD ./Core/Src/gpio.o
LOAD ./Core/Src/i2c.o
LOAD ./Core/Src/main.o
LOAD ./Core/Src/pid.o
LOAD ./Core/Src/stm32f4xx_hal_msp.o
LOAD ./Core/Src/stm32f4xx_it.o
LOAD ./Core/Src/syscalls.o
LOAD ./Core/Src/sysmem.o
LOAD ./Core/Src/system_stm32f4xx.o
LOAD ./Core/Src/tim.o
LOAD ./Core/Startup/startup_stm32f407vetx.o
LOAD ./Drivers/STM32F4xx_HAL_Driver/Src/stm32f4xx_hal.o
LOAD ./Drivers/STM32F4xx_HAL_Driver/Src/stm32f4xx_hal_cortex.o
LOAD ./Drivers/STM32F4xx_HAL_Driver/Src/stm32f4xx_hal_dma.o
LOAD ./Drivers/STM32F4xx_HAL_Driver/Src/stm32f4xx_hal_dma_ex.o
LOAD ./Drivers/STM32F4xx_HAL_Driver/Src/stm32f4xx_hal_exti.o
LOAD ./Drivers/STM32F4xx_HAL_Driver/Src/stm32f4xx_hal_flash.o
LOAD ./Drivers/STM32F4xx_HAL_Driver/Src/stm32f4xx_hal_flash_ex.o
LOAD ./Drivers/STM32F4xx_HAL_Driver/Src/stm32f4xx_hal_flash_ramfunc.o
LOAD ./Drivers/STM32F4xx_HAL_Driver/Src/stm32f4xx_hal_gpio.o
LOAD ./Drivers/STM32F4xx_HAL_Driver/Src/stm32f4xx_hal_i2c.o
LOAD ./Drivers/STM32F4xx_HAL_Driver/Src/stm32f4xx_hal_i2c_ex.o
LOAD ./Drivers/STM32F4xx_HAL_Driver/Src/stm32f4xx_hal_pwr.o
LOAD ./Drivers/STM32F4xx_HAL_Driver/Src/stm32f4xx_hal_pwr_ex.o
LOAD ./Drivers/STM32F4xx_HAL_Driver/Src/stm32f4xx_hal_rcc.o
LOAD ./Drivers/STM32F4xx_HAL_Driver/Src/stm32f4xx_hal_rcc_ex.o
LOAD ./Drivers/STM32F4xx_HAL_Driver/Src/stm32f4xx_hal_tim.o
LOAD ./Drivers/STM32F4xx_HAL_Driver/Src/stm32f4xx_hal_tim_ex.o
START GROUP
LOAD /home/khoi/.eclipse/com.st.stm32cube.ide.mcu.rcp.product_1.13.2_139062293_linux_gtk_x86_64/plugins/com.st.stm32cube.ide.mcu.externaltools.gnu-tools-for-stm32.10.3-2021.10.linux64_1.1.0.202305091550/tools/bin/../lib/gcc/arm-none-eabi/10.3.1/../../../../arm-none-eabi/lib/thumb/v7e-m+fp/hard/libc_nano.a
LOAD /home/khoi/.eclipse/com.st.stm32cube.ide.mcu.rcp.product_1.13.2_139062293_linux_gtk_x86_64/plugins/com.st.stm32cube.ide.mcu.externaltools.gnu-tools-for-stm32.10.3-2021.10.linux64_1.1.0.202305091550/tools/bin/../lib/gcc/arm-none-eabi/10.3.1/../../../../arm-none-eabi/lib/thumb/v7e-m+fp/hard/libm.a
END GROUP
START GROUP
LOAD /home/khoi/.eclipse/com.st.stm32cube.ide.mcu.rcp.product_1.13.2_139062293_linux_gtk_x86_64/plugins/com.st.stm32cube.ide.mcu.externaltools.gnu-tools-for-stm32.10.3-2021.10.linux64_1.1.0.202305091550/tools/bin/../lib/gcc/arm-none-eabi/10.3.1/thumb/v7e-m+fp/hard/libgcc.a
LOAD /home/khoi/.eclipse/com.st.stm32cube.ide.mcu.rcp.product_1.13.2_139062293_linux_gtk_x86_64/plugins/com.st.stm32cube.ide.mcu.externaltools.gnu-tools-for-stm32.10.3-2021.10.linux64_1.1.0.202305091550/tools/bin/../lib/gcc/arm-none-eabi/10.3.1/../../../../arm-none-eabi/lib/thumb/v7e-m+fp/hard/libc_nano.a
END GROUP
START GROUP
LOAD /home/khoi/.eclipse/com.st.stm32cube.ide.mcu.rcp.product_1.13.2_139062293_linux_gtk_x86_64/plugins/com.st.stm32cube.ide.mcu.externaltools.gnu-tools-for-stm32.10.3-2021.10.linux64_1.1.0.202305091550/tools/bin/../lib/gcc/arm-none-eabi/10.3.1/thumb/v7e-m+fp/hard/libgcc.a
LOAD /home/khoi/.eclipse/com.st.stm32cube.ide.mcu.rcp.product_1.13.2_139062293_linux_gtk_x86_64/plugins/com.st.stm32cube.ide.mcu.externaltools.gnu-tools-for-stm32.10.3-2021.10.linux64_1.1.0.202305091550/tools/bin/../lib/gcc/arm-none-eabi/10.3.1/../../../../arm-none-eabi/lib/thumb/v7e-m+fp/hard/libc_nano.a
LOAD /home/khoi/.eclipse/com.st.stm32cube.ide.mcu.rcp.product_1.13.2_139062293_linux_gtk_x86_64/plugins/com.st.stm32cube.ide.mcu.externaltools.gnu-tools-for-stm32.10.3-2021.10.linux64_1.1.0.202305091550/tools/bin/../lib/gcc/arm-none-eabi/10.3.1/../../../../arm-none-eabi/lib/thumb/v7e-m+fp/hard/libnosys.a
END GROUP
START GROUP
LOAD /home/khoi/.eclipse/com.st.stm32cube.ide.mcu.rcp.product_1.13.2_139062293_linux_gtk_x86_64/plugins/com.st.stm32cube.ide.mcu.externaltools.gnu-tools-for-stm32.10.3-2021.10.linux64_1.1.0.202305091550/tools/bin/../lib/gcc/arm-none-eabi/10.3.1/thumb/v7e-m+fp/hard/libgcc.a
LOAD /home/khoi/.eclipse/com.st.stm32cube.ide.mcu.rcp.product_1.13.2_139062293_linux_gtk_x86_64/plugins/com.st.stm32cube.ide.mcu.externaltools.gnu-tools-for-stm32.10.3-2021.10.linux64_1.1.0.202305091550/tools/bin/../lib/gcc/arm-none-eabi/10.3.1/../../../../arm-none-eabi/lib/thumb/v7e-m+fp/hard/libc_nano.a
LOAD /home/khoi/.eclipse/com.st.stm32cube.ide.mcu.rcp.product_1.13.2_139062293_linux_gtk_x86_64/plugins/com.st.stm32cube.ide.mcu.externaltools.gnu-tools-for-stm32.10.3-2021.10.linux64_1.1.0.202305091550/tools/bin/../lib/gcc/arm-none-eabi/10.3.1/../../../../arm-none-eabi/lib/thumb/v7e-m+fp/hard/libnosys.a
END GROUP
LOAD /home/khoi/.eclipse/com.st.stm32cube.ide.mcu.rcp.product_1.13.2_139062293_linux_gtk_x86_64/plugins/com.st.stm32cube.ide.mcu.externaltools.gnu-tools-for-stm32.10.3-2021.10.linux64_1.1.0.202305091550/tools/bin/../lib/gcc/arm-none-eabi/10.3.1/thumb/v7e-m+fp/hard/crtend.o
LOAD /home/khoi/.eclipse/com.st.stm32cube.ide.mcu.rcp.product_1.13.2_139062293_linux_gtk_x86_64/plugins/com.st.stm32cube.ide.mcu.externaltools.gnu-tools-for-stm32.10.3-2021.10.linux64_1.1.0.202305091550/tools/bin/../lib/gcc/arm-none-eabi/10.3.1/thumb/v7e-m+fp/hard/crtn.o
                0x0000000020020000                _estack = (ORIGIN (RAM) + LENGTH (RAM))
                0x0000000000000200                _Min_Heap_Size = 0x200
                0x0000000000000400                _Min_Stack_Size = 0x400

.isr_vector     0x0000000008000000      0x188
                0x0000000008000000                . = ALIGN (0x4)
 *(.isr_vector)
 .isr_vector    0x0000000008000000      0x188 ./Core/Startup/startup_stm32f407vetx.o
                0x0000000008000000                g_pfnVectors
                0x0000000008000188                . = ALIGN (0x4)

.text           0x0000000008000190     0x5184
                0x0000000008000190                . = ALIGN (0x4)
 *(.text)
 .text          0x0000000008000190       0x40 /home/khoi/.eclipse/com.st.stm32cube.ide.mcu.rcp.product_1.13.2_139062293_linux_gtk_x86_64/plugins/com.st.stm32cube.ide.mcu.externaltools.gnu-tools-for-stm32.10.3-2021.10.linux64_1.1.0.202305091550/tools/bin/../lib/gcc/arm-none-eabi/10.3.1/thumb/v7e-m+fp/hard/crtbegin.o
 .text          0x00000000080001d0       0xa0 /home/khoi/.eclipse/com.st.stm32cube.ide.mcu.rcp.product_1.13.2_139062293_linux_gtk_x86_64/plugins/com.st.stm32cube.ide.mcu.externaltools.gnu-tools-for-stm32.10.3-2021.10.linux64_1.1.0.202305091550/tools/bin/../lib/gcc/arm-none-eabi/10.3.1/../../../../arm-none-eabi/lib/thumb/v7e-m+fp/hard/libc_nano.a(lib_a-memchr.o)
                0x00000000080001d0                memchr
 .text          0x0000000008000270      0x378 /home/khoi/.eclipse/com.st.stm32cube.ide.mcu.rcp.product_1.13.2_139062293_linux_gtk_x86_64/plugins/com.st.stm32cube.ide.mcu.externaltools.gnu-tools-for-stm32.10.3-2021.10.linux64_1.1.0.202305091550/tools/bin/../lib/gcc/arm-none-eabi/10.3.1/thumb/v7e-m+fp/hard/libgcc.a(_arm_addsubdf3.o)
                0x0000000008000270                __aeabi_drsub
                0x0000000008000278                __aeabi_dsub
                0x0000000008000278                __subdf3
                0x000000000800027c                __adddf3
                0x000000000800027c                __aeabi_dadd
                0x00000000080004f4                __aeabi_ui2d
                0x00000000080004f4                __floatunsidf
                0x0000000008000514                __floatsidf
                0x0000000008000514                __aeabi_i2d
                0x0000000008000538                __extendsfdf2
                0x0000000008000538                __aeabi_f2d
                0x000000000800057c                __aeabi_ul2d
                0x000000000800057c                __floatundidf
                0x000000000800058c                __floatdidf
                0x000000000800058c                __aeabi_l2d
 .text          0x00000000080005e8      0x424 /home/khoi/.eclipse/com.st.stm32cube.ide.mcu.rcp.product_1.13.2_139062293_linux_gtk_x86_64/plugins/com.st.stm32cube.ide.mcu.externaltools.gnu-tools-for-stm32.10.3-2021.10.linux64_1.1.0.202305091550/tools/bin/../lib/gcc/arm-none-eabi/10.3.1/thumb/v7e-m+fp/hard/libgcc.a(_arm_muldivdf3.o)
                0x00000000080005e8                __aeabi_dmul
                0x00000000080005e8                __muldf3
                0x000000000800083c                __aeabi_ddiv
                0x000000000800083c                __divdf3
 .text          0x0000000008000a0c       0x50 /home/khoi/.eclipse/com.st.stm32cube.ide.mcu.rcp.product_1.13.2_139062293_linux_gtk_x86_64/plugins/com.st.stm32cube.ide.mcu.externaltools.gnu-tools-for-stm32.10.3-2021.10.linux64_1.1.0.202305091550/tools/bin/../lib/gcc/arm-none-eabi/10.3.1/thumb/v7e-m+fp/hard/libgcc.a(_arm_fixdfsi.o)
                0x0000000008000a0c                __fixdfsi
                0x0000000008000a0c                __aeabi_d2iz
 .text          0x0000000008000a5c       0xa0 /home/khoi/.eclipse/com.st.stm32cube.ide.mcu.rcp.product_1.13.2_139062293_linux_gtk_x86_64/plugins/com.st.stm32cube.ide.mcu.externaltools.gnu-tools-for-stm32.10.3-2021.10.linux64_1.1.0.202305091550/tools/bin/../lib/gcc/arm-none-eabi/10.3.1/thumb/v7e-m+fp/hard/libgcc.a(_arm_truncdfsf2.o)
                0x0000000008000a5c                __aeabi_d2f
                0x0000000008000a5c                __truncdfsf2
 .text          0x0000000008000afc       0x30 /home/khoi/.eclipse/com.st.stm32cube.ide.mcu.rcp.product_1.13.2_139062293_linux_gtk_x86_64/plugins/com.st.stm32cube.ide.mcu.externaltools.gnu-tools-for-stm32.10.3-2021.10.linux64_1.1.0.202305091550/tools/bin/../lib/gcc/arm-none-eabi/10.3.1/thumb/v7e-m+fp/hard/libgcc.a(_aeabi_uldivmod.o)
                0x0000000008000afc                __aeabi_uldivmod
 .text          0x0000000008000b2c      0x2d0 /home/khoi/.eclipse/com.st.stm32cube.ide.mcu.rcp.product_1.13.2_139062293_linux_gtk_x86_64/plugins/com.st.stm32cube.ide.mcu.externaltools.gnu-tools-for-stm32.10.3-2021.10.linux64_1.1.0.202305091550/tools/bin/../lib/gcc/arm-none-eabi/10.3.1/thumb/v7e-m+fp/hard/libgcc.a(_udivmoddi4.o)
                0x0000000008000b2c                __udivmoddi4
 .text          0x0000000008000dfc        0x4 /home/khoi/.eclipse/com.st.stm32cube.ide.mcu.rcp.product_1.13.2_139062293_linux_gtk_x86_64/plugins/com.st.stm32cube.ide.mcu.externaltools.gnu-tools-for-stm32.10.3-2021.10.linux64_1.1.0.202305091550/tools/bin/../lib/gcc/arm-none-eabi/10.3.1/thumb/v7e-m+fp/hard/libgcc.a(_dvmd_tls.o)
                0x0000000008000dfc                __aeabi_ldiv0
                0x0000000008000dfc                __aeabi_idiv0
 *(.text*)
 .text.MX_GPIO_Init
                0x0000000008000e00      0x138 ./Core/Src/gpio.o
                0x0000000008000e00                MX_GPIO_Init
 .text.HAL_GPIO_EXTI_Callback
                0x0000000008000f38       0xdc ./Core/Src/gpio.o
                0x0000000008000f38                HAL_GPIO_EXTI_Callback
 .text.MX_I2C1_Init
                0x0000000008001014       0x5c ./Core/Src/i2c.o
                0x0000000008001014                MX_I2C1_Init
 .text.HAL_I2C_MspInit
                0x0000000008001070       0x90 ./Core/Src/i2c.o
                0x0000000008001070                HAL_I2C_MspInit
 .text.lcd_send_cmd
                0x0000000008001100       0x60 ./Core/Src/i2c.o
                0x0000000008001100                lcd_send_cmd
 .text.lcd_send_data
                0x0000000008001160       0x60 ./Core/Src/i2c.o
                0x0000000008001160                lcd_send_data
 .text.lcd_put_cur
                0x00000000080011c0       0x64 ./Core/Src/i2c.o
                0x00000000080011c0                lcd_put_cur
 .text.lcd_init
                0x0000000008001224       0x7a ./Core/Src/i2c.o
                0x0000000008001224                lcd_init
 .text.lcd_send_string
                0x000000000800129e       0x2a ./Core/Src/i2c.o
                0x000000000800129e                lcd_send_string
 .text.display  0x00000000080012c8       0x64 ./Core/Src/main.o
                0x00000000080012c8                display
 .text.main     0x000000000800132c       0x88 ./Core/Src/main.o
                0x000000000800132c                main
 .text.SystemClock_Config
                0x00000000080013b4       0xd4 ./Core/Src/main.o
                0x00000000080013b4                SystemClock_Config
 .text.Error_Handler
                0x0000000008001488        0xa ./Core/Src/main.o
                0x0000000008001488                Error_Handler
 *fill*         0x0000000008001492        0x2 
 .text.convert_pid_to_crr
                0x0000000008001494       0x68 ./Core/Src/pid.o
 *fill*         0x00000000080014fc        0x4 
 .text.calculate_pid
                0x0000000008001500      0x180 ./Core/Src/pid.o
                0x0000000008001500                calculate_pid
 .text.HAL_MspInit
                0x0000000008001680       0x50 ./Core/Src/stm32f4xx_hal_msp.o
                0x0000000008001680                HAL_MspInit
 .text.NMI_Handler
                0x00000000080016d0        0x6 ./Core/Src/stm32f4xx_it.o
                0x00000000080016d0                NMI_Handler
 .text.HardFault_Handler
                0x00000000080016d6        0x6 ./Core/Src/stm32f4xx_it.o
                0x00000000080016d6                HardFault_Handler
 .text.MemManage_Handler
                0x00000000080016dc        0x6 ./Core/Src/stm32f4xx_it.o
                0x00000000080016dc                MemManage_Handler
 .text.BusFault_Handler
                0x00000000080016e2        0x6 ./Core/Src/stm32f4xx_it.o
                0x00000000080016e2                BusFault_Handler
 .text.UsageFault_Handler
                0x00000000080016e8        0x6 ./Core/Src/stm32f4xx_it.o
                0x00000000080016e8                UsageFault_Handler
 .text.SVC_Handler
                0x00000000080016ee        0xe ./Core/Src/stm32f4xx_it.o
                0x00000000080016ee                SVC_Handler
 .text.DebugMon_Handler
                0x00000000080016fc        0xe ./Core/Src/stm32f4xx_it.o
                0x00000000080016fc                DebugMon_Handler
 .text.PendSV_Handler
                0x000000000800170a        0xe ./Core/Src/stm32f4xx_it.o
                0x000000000800170a                PendSV_Handler
 .text.SysTick_Handler
                0x0000000008001718        0xc ./Core/Src/stm32f4xx_it.o
                0x0000000008001718                SysTick_Handler
 .text.EXTI4_IRQHandler
                0x0000000008001724        0xe ./Core/Src/stm32f4xx_it.o
                0x0000000008001724                EXTI4_IRQHandler
 .text.EXTI9_5_IRQHandler
                0x0000000008001732        0xe ./Core/Src/stm32f4xx_it.o
                0x0000000008001732                EXTI9_5_IRQHandler
 .text.TIM5_IRQHandler
                0x0000000008001740       0x14 ./Core/Src/stm32f4xx_it.o
                0x0000000008001740                TIM5_IRQHandler
 .text._sbrk    0x0000000008001754       0x6c ./Core/Src/sysmem.o
                0x0000000008001754                _sbrk
 .text.SystemInit
                0x00000000080017c0       0x24 ./Core/Src/system_stm32f4xx.o
                0x00000000080017c0                SystemInit
 .text.MX_TIM1_Init
                0x00000000080017e4      0x108 ./Core/Src/tim.o
                0x00000000080017e4                MX_TIM1_Init
 .text.MX_TIM2_Init
                0x00000000080018ec       0xa8 ./Core/Src/tim.o
                0x00000000080018ec                MX_TIM2_Init
 .text.MX_TIM5_Init
                0x0000000008001994       0x9c ./Core/Src/tim.o
                0x0000000008001994                MX_TIM5_Init
 .text.HAL_TIM_PWM_MspInit
                0x0000000008001a30       0x44 ./Core/Src/tim.o
                0x0000000008001a30                HAL_TIM_PWM_MspInit
 .text.HAL_TIM_Encoder_MspInit
                0x0000000008001a74       0x8c ./Core/Src/tim.o
                0x0000000008001a74                HAL_TIM_Encoder_MspInit
 .text.HAL_TIM_Base_MspInit
                0x0000000008001b00       0x50 ./Core/Src/tim.o
                0x0000000008001b00                HAL_TIM_Base_MspInit
 .text.HAL_TIM_MspPostInit
                0x0000000008001b50       0x74 ./Core/Src/tim.o
                0x0000000008001b50                HAL_TIM_MspPostInit
 *fill*         0x0000000008001bc4        0x4 
 .text.HAL_TIM_PeriodElapsedCallback
                0x0000000008001bc8      0x14c ./Core/Src/tim.o
                0x0000000008001bc8                HAL_TIM_PeriodElapsedCallback
 .text.Reset_Handler
                0x0000000008001d14       0x50 ./Core/Startup/startup_stm32f407vetx.o
                0x0000000008001d14                Reset_Handler
 .text.Default_Handler
                0x0000000008001d64        0x2 ./Core/Startup/startup_stm32f407vetx.o
                0x0000000008001d64                RTC_Alarm_IRQHandler
                0x0000000008001d64                HASH_RNG_IRQHandler
                0x0000000008001d64                EXTI2_IRQHandler
                0x0000000008001d64                TIM8_CC_IRQHandler
                0x0000000008001d64                TIM1_CC_IRQHandler
                0x0000000008001d64                DMA2_Stream5_IRQHandler
                0x0000000008001d64                DMA1_Stream5_IRQHandler
                0x0000000008001d64                PVD_IRQHandler
                0x0000000008001d64                SDIO_IRQHandler
                0x0000000008001d64                TAMP_STAMP_IRQHandler
                0x0000000008001d64                CAN2_RX1_IRQHandler
                0x0000000008001d64                EXTI3_IRQHandler
                0x0000000008001d64                TIM8_TRG_COM_TIM14_IRQHandler
                0x0000000008001d64                TIM1_UP_TIM10_IRQHandler
                0x0000000008001d64                TIM8_UP_TIM13_IRQHandler
                0x0000000008001d64                I2C3_ER_IRQHandler
                0x0000000008001d64                EXTI0_IRQHandler
                0x0000000008001d64                I2C2_EV_IRQHandler
                0x0000000008001d64                DMA1_Stream2_IRQHandler
                0x0000000008001d64                CAN1_RX0_IRQHandler
                0x0000000008001d64                FPU_IRQHandler
                0x0000000008001d64                OTG_HS_WKUP_IRQHandler
                0x0000000008001d64                CAN2_SCE_IRQHandler
                0x0000000008001d64                DMA2_Stream2_IRQHandler
                0x0000000008001d64                SPI1_IRQHandler
                0x0000000008001d64                TIM6_DAC_IRQHandler
                0x0000000008001d64                TIM1_BRK_TIM9_IRQHandler
                0x0000000008001d64                DCMI_IRQHandler
                0x0000000008001d64                CAN2_RX0_IRQHandler
                0x0000000008001d64                DMA2_Stream3_IRQHandler
                0x0000000008001d64                USART6_IRQHandler
                0x0000000008001d64                USART3_IRQHandler
                0x0000000008001d64                CAN1_RX1_IRQHandler
                0x0000000008001d64                UART5_IRQHandler
                0x0000000008001d64                DMA2_Stream0_IRQHandler
                0x0000000008001d64                TIM4_IRQHandler
                0x0000000008001d64                I2C1_EV_IRQHandler
                0x0000000008001d64                DMA1_Stream6_IRQHandler
                0x0000000008001d64                DMA1_Stream1_IRQHandler
                0x0000000008001d64                UART4_IRQHandler
                0x0000000008001d64                TIM3_IRQHandler
                0x0000000008001d64                RCC_IRQHandler
                0x0000000008001d64                TIM8_BRK_TIM12_IRQHandler
                0x0000000008001d64                Default_Handler
                0x0000000008001d64                EXTI15_10_IRQHandler
                0x0000000008001d64                ADC_IRQHandler
                0x0000000008001d64                DMA1_Stream7_IRQHandler
                0x0000000008001d64                TIM7_IRQHandler
                0x0000000008001d64                CAN2_TX_IRQHandler
                0x0000000008001d64                DMA2_Stream7_IRQHandler
                0x0000000008001d64                I2C3_EV_IRQHandler
                0x0000000008001d64                RTC_WKUP_IRQHandler
                0x0000000008001d64                ETH_WKUP_IRQHandler
                0x0000000008001d64                SPI2_IRQHandler
                0x0000000008001d64                OTG_HS_EP1_IN_IRQHandler
                0x0000000008001d64                DMA1_Stream0_IRQHandler
                0x0000000008001d64                CAN1_TX_IRQHandler
                0x0000000008001d64                FSMC_IRQHandler
                0x0000000008001d64                ETH_IRQHandler
                0x0000000008001d64                OTG_HS_EP1_OUT_IRQHandler
                0x0000000008001d64                WWDG_IRQHandler
                0x0000000008001d64                TIM2_IRQHandler
                0x0000000008001d64                OTG_FS_WKUP_IRQHandler
                0x0000000008001d64                TIM1_TRG_COM_TIM11_IRQHandler
                0x0000000008001d64                OTG_HS_IRQHandler
                0x0000000008001d64                EXTI1_IRQHandler
                0x0000000008001d64                USART2_IRQHandler
                0x0000000008001d64                I2C2_ER_IRQHandler
                0x0000000008001d64                DMA2_Stream1_IRQHandler
                0x0000000008001d64                CAN1_SCE_IRQHandler
                0x0000000008001d64                FLASH_IRQHandler
                0x0000000008001d64                DMA2_Stream4_IRQHandler
                0x0000000008001d64                USART1_IRQHandler
                0x0000000008001d64                OTG_FS_IRQHandler
                0x0000000008001d64                SPI3_IRQHandler
                0x0000000008001d64                DMA1_Stream4_IRQHandler
                0x0000000008001d64                I2C1_ER_IRQHandler
                0x0000000008001d64                DMA2_Stream6_IRQHandler
                0x0000000008001d64                DMA1_Stream3_IRQHandler
 *fill*         0x0000000008001d66        0x2 
 .text.HAL_Init
                0x0000000008001d68       0x44 ./Drivers/STM32F4xx_HAL_Driver/Src/stm32f4xx_hal.o
                0x0000000008001d68                HAL_Init
 .text.HAL_InitTick
                0x0000000008001dac       0x60 ./Drivers/STM32F4xx_HAL_Driver/Src/stm32f4xx_hal.o
                0x0000000008001dac                HAL_InitTick
 .text.HAL_IncTick
                0x0000000008001e0c       0x28 ./Drivers/STM32F4xx_HAL_Driver/Src/stm32f4xx_hal.o
                0x0000000008001e0c                HAL_IncTick
 .text.HAL_GetTick
                0x0000000008001e34       0x18 ./Drivers/STM32F4xx_HAL_Driver/Src/stm32f4xx_hal.o
                0x0000000008001e34                HAL_GetTick
 .text.HAL_Delay
                0x0000000008001e4c       0x48 ./Drivers/STM32F4xx_HAL_Driver/Src/stm32f4xx_hal.o
                0x0000000008001e4c                HAL_Delay
 .text.__NVIC_SetPriorityGrouping
                0x0000000008001e94       0x48 ./Drivers/STM32F4xx_HAL_Driver/Src/stm32f4xx_hal_cortex.o
 .text.__NVIC_GetPriorityGrouping
                0x0000000008001edc       0x1c ./Drivers/STM32F4xx_HAL_Driver/Src/stm32f4xx_hal_cortex.o
 .text.__NVIC_EnableIRQ
                0x0000000008001ef8       0x3c ./Drivers/STM32F4xx_HAL_Driver/Src/stm32f4xx_hal_cortex.o
 .text.__NVIC_ClearPendingIRQ
                0x0000000008001f34       0x3c ./Drivers/STM32F4xx_HAL_Driver/Src/stm32f4xx_hal_cortex.o
 .text.__NVIC_SetPriority
                0x0000000008001f70       0x54 ./Drivers/STM32F4xx_HAL_Driver/Src/stm32f4xx_hal_cortex.o
 .text.NVIC_EncodePriority
                0x0000000008001fc4       0x66 ./Drivers/STM32F4xx_HAL_Driver/Src/stm32f4xx_hal_cortex.o
 *fill*         0x000000000800202a        0x2 
 .text.SysTick_Config
                0x000000000800202c       0x44 ./Drivers/STM32F4xx_HAL_Driver/Src/stm32f4xx_hal_cortex.o
 .text.HAL_NVIC_SetPriorityGrouping
                0x0000000008002070       0x16 ./Drivers/STM32F4xx_HAL_Driver/Src/stm32f4xx_hal_cortex.o
                0x0000000008002070                HAL_NVIC_SetPriorityGrouping
 .text.HAL_NVIC_SetPriority
                0x0000000008002086       0x38 ./Drivers/STM32F4xx_HAL_Driver/Src/stm32f4xx_hal_cortex.o
                0x0000000008002086                HAL_NVIC_SetPriority
 .text.HAL_NVIC_EnableIRQ
                0x00000000080020be       0x1c ./Drivers/STM32F4xx_HAL_Driver/Src/stm32f4xx_hal_cortex.o
                0x00000000080020be                HAL_NVIC_EnableIRQ
 .text.HAL_SYSTICK_Config
                0x00000000080020da       0x18 ./Drivers/STM32F4xx_HAL_Driver/Src/stm32f4xx_hal_cortex.o
                0x00000000080020da                HAL_SYSTICK_Config
 .text.HAL_NVIC_ClearPendingIRQ
                0x00000000080020f2       0x1c ./Drivers/STM32F4xx_HAL_Driver/Src/stm32f4xx_hal_cortex.o
                0x00000000080020f2                HAL_NVIC_ClearPendingIRQ
 *fill*         0x000000000800210e        0x2 
 .text.HAL_GPIO_Init
                0x0000000008002110      0x338 ./Drivers/STM32F4xx_HAL_Driver/Src/stm32f4xx_hal_gpio.o
                0x0000000008002110                HAL_GPIO_Init
 .text.HAL_GPIO_WritePin
                0x0000000008002448       0x32 ./Drivers/STM32F4xx_HAL_Driver/Src/stm32f4xx_hal_gpio.o
                0x0000000008002448                HAL_GPIO_WritePin
 *fill*         0x000000000800247a        0x2 
 .text.HAL_GPIO_EXTI_IRQHandler
                0x000000000800247c       0x30 ./Drivers/STM32F4xx_HAL_Driver/Src/stm32f4xx_hal_gpio.o
                0x000000000800247c                HAL_GPIO_EXTI_IRQHandler
 .text.HAL_I2C_Init
                0x00000000080024ac      0x288 ./Drivers/STM32F4xx_HAL_Driver/Src/stm32f4xx_hal_i2c.o
                0x00000000080024ac                HAL_I2C_Init
 .text.HAL_I2C_Master_Transmit
                0x0000000008002734      0x1fc ./Drivers/STM32F4xx_HAL_Driver/Src/stm32f4xx_hal_i2c.o
                0x0000000008002734                HAL_I2C_Master_Transmit
 .text.I2C_MasterRequestWrite
                0x0000000008002930      0x104 ./Drivers/STM32F4xx_HAL_Driver/Src/stm32f4xx_hal_i2c.o
 .text.I2C_WaitOnFlagUntilTimeout
                0x0000000008002a34       0xae ./Drivers/STM32F4xx_HAL_Driver/Src/stm32f4xx_hal_i2c.o
 .text.I2C_WaitOnMasterAddressFlagUntilTimeout
                0x0000000008002ae2       0xfe ./Drivers/STM32F4xx_HAL_Driver/Src/stm32f4xx_hal_i2c.o
 .text.I2C_WaitOnTXEFlagUntilTimeout
                0x0000000008002be0       0x82 ./Drivers/STM32F4xx_HAL_Driver/Src/stm32f4xx_hal_i2c.o
 .text.I2C_WaitOnBTFFlagUntilTimeout
                0x0000000008002c62       0x82 ./Drivers/STM32F4xx_HAL_Driver/Src/stm32f4xx_hal_i2c.o
 .text.I2C_IsAcknowledgeFailed
                0x0000000008002ce4       0x5e ./Drivers/STM32F4xx_HAL_Driver/Src/stm32f4xx_hal_i2c.o
 *fill*         0x0000000008002d42        0x2 
 .text.HAL_RCC_OscConfig
                0x0000000008002d44      0x4f0 ./Drivers/STM32F4xx_HAL_Driver/Src/stm32f4xx_hal_rcc.o
                0x0000000008002d44                HAL_RCC_OscConfig
 .text.HAL_RCC_ClockConfig
                0x0000000008003234      0x1cc ./Drivers/STM32F4xx_HAL_Driver/Src/stm32f4xx_hal_rcc.o
                0x0000000008003234                HAL_RCC_ClockConfig
 .text.HAL_RCC_GetSysClockFreq
                0x0000000008003400      0x20c ./Drivers/STM32F4xx_HAL_Driver/Src/stm32f4xx_hal_rcc.o
                0x0000000008003400                HAL_RCC_GetSysClockFreq
 .text.HAL_RCC_GetHCLKFreq
                0x000000000800360c       0x18 ./Drivers/STM32F4xx_HAL_Driver/Src/stm32f4xx_hal_rcc.o
                0x000000000800360c                HAL_RCC_GetHCLKFreq
 .text.HAL_RCC_GetPCLK1Freq
                0x0000000008003624       0x28 ./Drivers/STM32F4xx_HAL_Driver/Src/stm32f4xx_hal_rcc.o
                0x0000000008003624                HAL_RCC_GetPCLK1Freq
 .text.HAL_TIM_Base_Init
                0x000000000800364c       0x9e ./Drivers/STM32F4xx_HAL_Driver/Src/stm32f4xx_hal_tim.o
                0x000000000800364c                HAL_TIM_Base_Init
 *fill*         0x00000000080036ea        0x2 
 .text.HAL_TIM_Base_Start_IT
                0x00000000080036ec       0xe0 ./Drivers/STM32F4xx_HAL_Driver/Src/stm32f4xx_hal_tim.o
                0x00000000080036ec                HAL_TIM_Base_Start_IT
 .text.HAL_TIM_PWM_Init
                0x00000000080037cc       0x9e ./Drivers/STM32F4xx_HAL_Driver/Src/stm32f4xx_hal_tim.o
                0x00000000080037cc                HAL_TIM_PWM_Init
 *fill*         0x000000000800386a        0x2 
 .text.HAL_TIM_PWM_Start
                0x000000000800386c      0x190 ./Drivers/STM32F4xx_HAL_Driver/Src/stm32f4xx_hal_tim.o
                0x000000000800386c                HAL_TIM_PWM_Start
 .text.HAL_TIM_Encoder_Init
                0x00000000080039fc      0x14c ./Drivers/STM32F4xx_HAL_Driver/Src/stm32f4xx_hal_tim.o
                0x00000000080039fc                HAL_TIM_Encoder_Init
 .text.HAL_TIM_Encoder_Start
                0x0000000008003b48      0x11c ./Drivers/STM32F4xx_HAL_Driver/Src/stm32f4xx_hal_tim.o
                0x0000000008003b48                HAL_TIM_Encoder_Start
 .text.HAL_TIM_IRQHandler
                0x0000000008003c64      0x210 ./Drivers/STM32F4xx_HAL_Driver/Src/stm32f4xx_hal_tim.o
                0x0000000008003c64                HAL_TIM_IRQHandler
 .text.HAL_TIM_PWM_ConfigChannel
                0x0000000008003e74      0x184 ./Drivers/STM32F4xx_HAL_Driver/Src/stm32f4xx_hal_tim.o
                0x0000000008003e74                HAL_TIM_PWM_ConfigChannel
 .text.HAL_TIM_ConfigClockSource
                0x0000000008003ff8      0x18e ./Drivers/STM32F4xx_HAL_Driver/Src/stm32f4xx_hal_tim.o
                0x0000000008003ff8                HAL_TIM_ConfigClockSource
 .text.HAL_TIM_OC_DelayElapsedCallback
                0x0000000008004186       0x14 ./Drivers/STM32F4xx_HAL_Driver/Src/stm32f4xx_hal_tim.o
                0x0000000008004186                HAL_TIM_OC_DelayElapsedCallback
 .text.HAL_TIM_IC_CaptureCallback
                0x000000000800419a       0x14 ./Drivers/STM32F4xx_HAL_Driver/Src/stm32f4xx_hal_tim.o
                0x000000000800419a                HAL_TIM_IC_CaptureCallback
 .text.HAL_TIM_PWM_PulseFinishedCallback
                0x00000000080041ae       0x14 ./Drivers/STM32F4xx_HAL_Driver/Src/stm32f4xx_hal_tim.o
                0x00000000080041ae                HAL_TIM_PWM_PulseFinishedCallback
 .text.HAL_TIM_TriggerCallback
                0x00000000080041c2       0x14 ./Drivers/STM32F4xx_HAL_Driver/Src/stm32f4xx_hal_tim.o
                0x00000000080041c2                HAL_TIM_TriggerCallback
 *fill*         0x00000000080041d6        0x2 
 .text.TIM_Base_SetConfig
                0x00000000080041d8      0x140 ./Drivers/STM32F4xx_HAL_Driver/Src/stm32f4xx_hal_tim.o
                0x00000000080041d8                TIM_Base_SetConfig
 .text.TIM_OC1_SetConfig
                0x0000000008004318       0xe0 ./Drivers/STM32F4xx_HAL_Driver/Src/stm32f4xx_hal_tim.o
 .text.TIM_OC2_SetConfig
                0x00000000080043f8       0xec ./Drivers/STM32F4xx_HAL_Driver/Src/stm32f4xx_hal_tim.o
                0x00000000080043f8                TIM_OC2_SetConfig
 .text.TIM_OC3_SetConfig
                0x00000000080044e4       0xe8 ./Drivers/STM32F4xx_HAL_Driver/Src/stm32f4xx_hal_tim.o
 .text.TIM_OC4_SetConfig
                0x00000000080045cc       0xac ./Drivers/STM32F4xx_HAL_Driver/Src/stm32f4xx_hal_tim.o
 .text.TIM_TI1_ConfigInputStage
                0x0000000008004678       0x5e ./Drivers/STM32F4xx_HAL_Driver/Src/stm32f4xx_hal_tim.o
 .text.TIM_TI2_ConfigInputStage
                0x00000000080046d6       0x60 ./Drivers/STM32F4xx_HAL_Driver/Src/stm32f4xx_hal_tim.o
 .text.TIM_ITRx_SetConfig
                0x0000000008004736       0x36 ./Drivers/STM32F4xx_HAL_Driver/Src/stm32f4xx_hal_tim.o
 .text.TIM_ETR_SetConfig
                0x000000000800476c       0x40 ./Drivers/STM32F4xx_HAL_Driver/Src/stm32f4xx_hal_tim.o
                0x000000000800476c                TIM_ETR_SetConfig
 .text.TIM_CCxChannelCmd
                0x00000000080047ac       0x4a ./Drivers/STM32F4xx_HAL_Driver/Src/stm32f4xx_hal_tim.o
                0x00000000080047ac                TIM_CCxChannelCmd
 *fill*         0x00000000080047f6        0x2 
 .text.HAL_TIMEx_MasterConfigSynchronization
                0x00000000080047f8       0xf8 ./Drivers/STM32F4xx_HAL_Driver/Src/stm32f4xx_hal_tim_ex.o
                0x00000000080047f8                HAL_TIMEx_MasterConfigSynchronization
 .text.HAL_TIMEx_ConfigBreakDeadTime
                0x00000000080048f0       0xa4 ./Drivers/STM32F4xx_HAL_Driver/Src/stm32f4xx_hal_tim_ex.o
                0x00000000080048f0                HAL_TIMEx_ConfigBreakDeadTime
 .text.HAL_TIMEx_CommutCallback
                0x0000000008004994       0x14 ./Drivers/STM32F4xx_HAL_Driver/Src/stm32f4xx_hal_tim_ex.o
                0x0000000008004994                HAL_TIMEx_CommutCallback
 .text.HAL_TIMEx_BreakCallback
                0x00000000080049a8       0x14 ./Drivers/STM32F4xx_HAL_Driver/Src/stm32f4xx_hal_tim_ex.o
                0x00000000080049a8                HAL_TIMEx_BreakCallback
 .text.__errno  0x00000000080049bc        0xc /home/khoi/.eclipse/com.st.stm32cube.ide.mcu.rcp.product_1.13.2_139062293_linux_gtk_x86_64/plugins/com.st.stm32cube.ide.mcu.externaltools.gnu-tools-for-stm32.10.3-2021.10.linux64_1.1.0.202305091550/tools/bin/../lib/gcc/arm-none-eabi/10.3.1/../../../../arm-none-eabi/lib/thumb/v7e-m+fp/hard/libc_nano.a(lib_a-errno.o)
                0x00000000080049bc                __errno
 .text.__libc_init_array
                0x00000000080049c8       0x48 /home/khoi/.eclipse/com.st.stm32cube.ide.mcu.rcp.product_1.13.2_139062293_linux_gtk_x86_64/plugins/com.st.stm32cube.ide.mcu.externaltools.gnu-tools-for-stm32.10.3-2021.10.linux64_1.1.0.202305091550/tools/bin/../lib/gcc/arm-none-eabi/10.3.1/../../../../arm-none-eabi/lib/thumb/v7e-m+fp/hard/libc_nano.a(lib_a-init.o)
                0x00000000080049c8                __libc_init_array
 .text.memset   0x0000000008004a10       0x10 /home/khoi/.eclipse/com.st.stm32cube.ide.mcu.rcp.product_1.13.2_139062293_linux_gtk_x86_64/plugins/com.st.stm32cube.ide.mcu.externaltools.gnu-tools-for-stm32.10.3-2021.10.linux64_1.1.0.202305091550/tools/bin/../lib/gcc/arm-none-eabi/10.3.1/../../../../arm-none-eabi/lib/thumb/v7e-m+fp/hard/libc_nano.a(lib_a-memset.o)
                0x0000000008004a10                memset
 .text.sprintf  0x0000000008004a20       0x40 /home/khoi/.eclipse/com.st.stm32cube.ide.mcu.rcp.product_1.13.2_139062293_linux_gtk_x86_64/plugins/com.st.stm32cube.ide.mcu.externaltools.gnu-tools-for-stm32.10.3-2021.10.linux64_1.1.0.202305091550/tools/bin/../lib/gcc/arm-none-eabi/10.3.1/../../../../arm-none-eabi/lib/thumb/v7e-m+fp/hard/libc_nano.a(lib_a-sprintf.o)
                0x0000000008004a20                sprintf
                0x0000000008004a20                siprintf
 .text.__ssputs_r
                0x0000000008004a60       0xb6 /home/khoi/.eclipse/com.st.stm32cube.ide.mcu.rcp.product_1.13.2_139062293_linux_gtk_x86_64/plugins/com.st.stm32cube.ide.mcu.externaltools.gnu-tools-for-stm32.10.3-2021.10.linux64_1.1.0.202305091550/tools/bin/../lib/gcc/arm-none-eabi/10.3.1/../../../../arm-none-eabi/lib/thumb/v7e-m+fp/hard/libc_nano.a(lib_a-nano-svfprintf.o)
                0x0000000008004a60                __ssputs_r
 *fill*         0x0000000008004b16        0x2 
 .text._svfprintf_r
                0x0000000008004b18      0x200 /home/khoi/.eclipse/com.st.stm32cube.ide.mcu.rcp.product_1.13.2_139062293_linux_gtk_x86_64/plugins/com.st.stm32cube.ide.mcu.externaltools.gnu-tools-for-stm32.10.3-2021.10.linux64_1.1.0.202305091550/tools/bin/../lib/gcc/arm-none-eabi/10.3.1/../../../../arm-none-eabi/lib/thumb/v7e-m+fp/hard/libc_nano.a(lib_a-nano-svfprintf.o)
                0x0000000008004b18                _svfprintf_r
                0x0000000008004b18                _svfiprintf_r
 .text._printf_common
                0x0000000008004d18       0xda /home/khoi/.eclipse/com.st.stm32cube.ide.mcu.rcp.product_1.13.2_139062293_linux_gtk_x86_64/plugins/com.st.stm32cube.ide.mcu.externaltools.gnu-tools-for-stm32.10.3-2021.10.linux64_1.1.0.202305091550/tools/bin/../lib/gcc/arm-none-eabi/10.3.1/../../../../arm-none-eabi/lib/thumb/v7e-m+fp/hard/libc_nano.a(lib_a-nano-vfprintf_i.o)
                0x0000000008004d18                _printf_common
 *fill*         0x0000000008004df2        0x2 
 .text._printf_i
                0x0000000008004df4      0x24c /home/khoi/.eclipse/com.st.stm32cube.ide.mcu.rcp.product_1.13.2_139062293_linux_gtk_x86_64/plugins/com.st.stm32cube.ide.mcu.externaltools.gnu-tools-for-stm32.10.3-2021.10.linux64_1.1.0.202305091550/tools/bin/../lib/gcc/arm-none-eabi/10.3.1/../../../../arm-none-eabi/lib/thumb/v7e-m+fp/hard/libc_nano.a(lib_a-nano-vfprintf_i.o)
                0x0000000008004df4                _printf_i
 .text.memcpy   0x0000000008005040       0x1c /home/khoi/.eclipse/com.st.stm32cube.ide.mcu.rcp.product_1.13.2_139062293_linux_gtk_x86_64/plugins/com.st.stm32cube.ide.mcu.externaltools.gnu-tools-for-stm32.10.3-2021.10.linux64_1.1.0.202305091550/tools/bin/../lib/gcc/arm-none-eabi/10.3.1/../../../../arm-none-eabi/lib/thumb/v7e-m+fp/hard/libc_nano.a(lib_a-memcpy-stub.o)
                0x0000000008005040                memcpy
 .text.memmove  0x000000000800505c       0x34 /home/khoi/.eclipse/com.st.stm32cube.ide.mcu.rcp.product_1.13.2_139062293_linux_gtk_x86_64/plugins/com.st.stm32cube.ide.mcu.externaltools.gnu-tools-for-stm32.10.3-2021.10.linux64_1.1.0.202305091550/tools/bin/../lib/gcc/arm-none-eabi/10.3.1/../../../../arm-none-eabi/lib/thumb/v7e-m+fp/hard/libc_nano.a(lib_a-memmove.o)
                0x000000000800505c                memmove
 .text._free_r  0x0000000008005090       0x98 /home/khoi/.eclipse/com.st.stm32cube.ide.mcu.rcp.product_1.13.2_139062293_linux_gtk_x86_64/plugins/com.st.stm32cube.ide.mcu.externaltools.gnu-tools-for-stm32.10.3-2021.10.linux64_1.1.0.202305091550/tools/bin/../lib/gcc/arm-none-eabi/10.3.1/../../../../arm-none-eabi/lib/thumb/v7e-m+fp/hard/libc_nano.a(lib_a-nano-freer.o)
                0x0000000008005090                _free_r
 .text.sbrk_aligned
                0x0000000008005128       0x40 /home/khoi/.eclipse/com.st.stm32cube.ide.mcu.rcp.product_1.13.2_139062293_linux_gtk_x86_64/plugins/com.st.stm32cube.ide.mcu.externaltools.gnu-tools-for-stm32.10.3-2021.10.linux64_1.1.0.202305091550/tools/bin/../lib/gcc/arm-none-eabi/10.3.1/../../../../arm-none-eabi/lib/thumb/v7e-m+fp/hard/libc_nano.a(lib_a-nano-mallocr.o)
 .text._malloc_r
                0x0000000008005168       0xe8 /home/khoi/.eclipse/com.st.stm32cube.ide.mcu.rcp.product_1.13.2_139062293_linux_gtk_x86_64/plugins/com.st.stm32cube.ide.mcu.externaltools.gnu-tools-for-stm32.10.3-2021.10.linux64_1.1.0.202305091550/tools/bin/../lib/gcc/arm-none-eabi/10.3.1/../../../../arm-none-eabi/lib/thumb/v7e-m+fp/hard/libc_nano.a(lib_a-nano-mallocr.o)
                0x0000000008005168                _malloc_r
 .text._realloc_r
                0x0000000008005250       0x5e /home/khoi/.eclipse/com.st.stm32cube.ide.mcu.rcp.product_1.13.2_139062293_linux_gtk_x86_64/plugins/com.st.stm32cube.ide.mcu.externaltools.gnu-tools-for-stm32.10.3-2021.10.linux64_1.1.0.202305091550/tools/bin/../lib/gcc/arm-none-eabi/10.3.1/../../../../arm-none-eabi/lib/thumb/v7e-m+fp/hard/libc_nano.a(lib_a-nano-reallocr.o)
                0x0000000008005250                _realloc_r
 *fill*         0x00000000080052ae        0x2 
 .text._sbrk_r  0x00000000080052b0       0x20 /home/khoi/.eclipse/com.st.stm32cube.ide.mcu.rcp.product_1.13.2_139062293_linux_gtk_x86_64/plugins/com.st.stm32cube.ide.mcu.externaltools.gnu-tools-for-stm32.10.3-2021.10.linux64_1.1.0.202305091550/tools/bin/../lib/gcc/arm-none-eabi/10.3.1/../../../../arm-none-eabi/lib/thumb/v7e-m+fp/hard/libc_nano.a(lib_a-sbrkr.o)
                0x00000000080052b0                _sbrk_r
 .text.__malloc_lock
                0x00000000080052d0        0xc /home/khoi/.eclipse/com.st.stm32cube.ide.mcu.rcp.product_1.13.2_139062293_linux_gtk_x86_64/plugins/com.st.stm32cube.ide.mcu.externaltools.gnu-tools-for-stm32.10.3-2021.10.linux64_1.1.0.202305091550/tools/bin/../lib/gcc/arm-none-eabi/10.3.1/../../../../arm-none-eabi/lib/thumb/v7e-m+fp/hard/libc_nano.a(lib_a-mlock.o)
                0x00000000080052d0                __malloc_lock
 .text.__malloc_unlock
                0x00000000080052dc        0xc /home/khoi/.eclipse/com.st.stm32cube.ide.mcu.rcp.product_1.13.2_139062293_linux_gtk_x86_64/plugins/com.st.stm32cube.ide.mcu.externaltools.gnu-tools-for-stm32.10.3-2021.10.linux64_1.1.0.202305091550/tools/bin/../lib/gcc/arm-none-eabi/10.3.1/../../../../arm-none-eabi/lib/thumb/v7e-m+fp/hard/libc_nano.a(lib_a-mlock.o)
                0x00000000080052dc                __malloc_unlock
 .text._malloc_usable_size_r
                0x00000000080052e8       0x10 /home/khoi/.eclipse/com.st.stm32cube.ide.mcu.rcp.product_1.13.2_139062293_linux_gtk_x86_64/plugins/com.st.stm32cube.ide.mcu.externaltools.gnu-tools-for-stm32.10.3-2021.10.linux64_1.1.0.202305091550/tools/bin/../lib/gcc/arm-none-eabi/10.3.1/../../../../arm-none-eabi/lib/thumb/v7e-m+fp/hard/libc_nano.a(lib_a-nano-msizer.o)
                0x00000000080052e8                _malloc_usable_size_r
 .text.__retarget_lock_acquire_recursive
                0x00000000080052f8        0x2 /home/khoi/.eclipse/com.st.stm32cube.ide.mcu.rcp.product_1.13.2_139062293_linux_gtk_x86_64/plugins/com.st.stm32cube.ide.mcu.externaltools.gnu-tools-for-stm32.10.3-2021.10.linux64_1.1.0.202305091550/tools/bin/../lib/gcc/arm-none-eabi/10.3.1/../../../../arm-none-eabi/lib/thumb/v7e-m+fp/hard/libc_nano.a(lib_a-lock.o)
                0x00000000080052f8                __retarget_lock_acquire_recursive
 .text.__retarget_lock_release_recursive
                0x00000000080052fa        0x2 /home/khoi/.eclipse/com.st.stm32cube.ide.mcu.rcp.product_1.13.2_139062293_linux_gtk_x86_64/plugins/com.st.stm32cube.ide.mcu.externaltools.gnu-tools-for-stm32.10.3-2021.10.linux64_1.1.0.202305091550/tools/bin/../lib/gcc/arm-none-eabi/10.3.1/../../../../arm-none-eabi/lib/thumb/v7e-m+fp/hard/libc_nano.a(lib_a-lock.o)
                0x00000000080052fa                __retarget_lock_release_recursive
 *(.glue_7)
 .glue_7        0x00000000080052fc        0x0 linker stubs
 *(.glue_7t)
 .glue_7t       0x00000000080052fc        0x0 linker stubs
 *(.eh_frame)
 .eh_frame      0x00000000080052fc        0x0 /home/khoi/.eclipse/com.st.stm32cube.ide.mcu.rcp.product_1.13.2_139062293_linux_gtk_x86_64/plugins/com.st.stm32cube.ide.mcu.externaltools.gnu-tools-for-stm32.10.3-2021.10.linux64_1.1.0.202305091550/tools/bin/../lib/gcc/arm-none-eabi/10.3.1/thumb/v7e-m+fp/hard/crtbegin.o
 *(.init)
 .init          0x00000000080052fc        0x4 /home/khoi/.eclipse/com.st.stm32cube.ide.mcu.rcp.product_1.13.2_139062293_linux_gtk_x86_64/plugins/com.st.stm32cube.ide.mcu.externaltools.gnu-tools-for-stm32.10.3-2021.10.linux64_1.1.0.202305091550/tools/bin/../lib/gcc/arm-none-eabi/10.3.1/thumb/v7e-m+fp/hard/crti.o
                0x00000000080052fc                _init
 .init          0x0000000008005300        0x8 /home/khoi/.eclipse/com.st.stm32cube.ide.mcu.rcp.product_1.13.2_139062293_linux_gtk_x86_64/plugins/com.st.stm32cube.ide.mcu.externaltools.gnu-tools-for-stm32.10.3-2021.10.linux64_1.1.0.202305091550/tools/bin/../lib/gcc/arm-none-eabi/10.3.1/thumb/v7e-m+fp/hard/crtn.o
 *(.fini)
 .fini          0x0000000008005308        0x4 /home/khoi/.eclipse/com.st.stm32cube.ide.mcu.rcp.product_1.13.2_139062293_linux_gtk_x86_64/plugins/com.st.stm32cube.ide.mcu.externaltools.gnu-tools-for-stm32.10.3-2021.10.linux64_1.1.0.202305091550/tools/bin/../lib/gcc/arm-none-eabi/10.3.1/thumb/v7e-m+fp/hard/crti.o
                0x0000000008005308                _fini
 .fini          0x000000000800530c        0x8 /home/khoi/.eclipse/com.st.stm32cube.ide.mcu.rcp.product_1.13.2_139062293_linux_gtk_x86_64/plugins/com.st.stm32cube.ide.mcu.externaltools.gnu-tools-for-stm32.10.3-2021.10.linux64_1.1.0.202305091550/tools/bin/../lib/gcc/arm-none-eabi/10.3.1/thumb/v7e-m+fp/hard/crtn.o
                0x0000000008005314                . = ALIGN (0x4)
                0x0000000008005314                _etext = .

.vfp11_veneer   0x0000000008005314        0x0
 .vfp11_veneer  0x0000000008005314        0x0 linker stubs

.v4_bx          0x0000000008005314        0x0
 .v4_bx         0x0000000008005314        0x0 linker stubs

.iplt           0x0000000008005314        0x0
 .iplt          0x0000000008005314        0x0 /home/khoi/.eclipse/com.st.stm32cube.ide.mcu.rcp.product_1.13.2_139062293_linux_gtk_x86_64/plugins/com.st.stm32cube.ide.mcu.externaltools.gnu-tools-for-stm32.10.3-2021.10.linux64_1.1.0.202305091550/tools/bin/../lib/gcc/arm-none-eabi/10.3.1/thumb/v7e-m+fp/hard/crtbegin.o

.rodata         0x0000000008005314       0x68
                0x0000000008005314                . = ALIGN (0x4)
 *(.rodata)
 .rodata        0x0000000008005314       0x1a ./Core/Src/main.o
 *(.rodata*)
 *fill*         0x000000000800532e        0x2 
 .rodata.AHBPrescTable
                0x0000000008005330       0x10 ./Core/Src/system_stm32f4xx.o
                0x0000000008005330                AHBPrescTable
 .rodata.APBPrescTable
                0x0000000008005340        0x8 ./Core/Src/system_stm32f4xx.o
                0x0000000008005340                APBPrescTable
 .rodata._svfprintf_r.str1.1
                0x0000000008005348       0x11 /home/khoi/.eclipse/com.st.stm32cube.ide.mcu.rcp.product_1.13.2_139062293_linux_gtk_x86_64/plugins/com.st.stm32cube.ide.mcu.externaltools.gnu-tools-for-stm32.10.3-2021.10.linux64_1.1.0.202305091550/tools/bin/../lib/gcc/arm-none-eabi/10.3.1/../../../../arm-none-eabi/lib/thumb/v7e-m+fp/hard/libc_nano.a(lib_a-nano-svfprintf.o)
 .rodata._printf_i.str1.1
                0x0000000008005359       0x22 /home/khoi/.eclipse/com.st.stm32cube.ide.mcu.rcp.product_1.13.2_139062293_linux_gtk_x86_64/plugins/com.st.stm32cube.ide.mcu.externaltools.gnu-tools-for-stm32.10.3-2021.10.linux64_1.1.0.202305091550/tools/bin/../lib/gcc/arm-none-eabi/10.3.1/../../../../arm-none-eabi/lib/thumb/v7e-m+fp/hard/libc_nano.a(lib_a-nano-vfprintf_i.o)
                0x000000000800537c                . = ALIGN (0x4)
 *fill*         0x000000000800537b        0x1 

.ARM.extab      0x000000000800537c        0x0
                0x000000000800537c                . = ALIGN (0x4)
 *(.ARM.extab* .gnu.linkonce.armextab.*)
                0x000000000800537c                . = ALIGN (0x4)

.ARM            0x000000000800537c        0x8
                0x000000000800537c                . = ALIGN (0x4)
                0x000000000800537c                __exidx_start = .
 *(.ARM.exidx*)
 .ARM.exidx     0x000000000800537c        0x8 /home/khoi/.eclipse/com.st.stm32cube.ide.mcu.rcp.product_1.13.2_139062293_linux_gtk_x86_64/plugins/com.st.stm32cube.ide.mcu.externaltools.gnu-tools-for-stm32.10.3-2021.10.linux64_1.1.0.202305091550/tools/bin/../lib/gcc/arm-none-eabi/10.3.1/thumb/v7e-m+fp/hard/libgcc.a(_udivmoddi4.o)
                0x0000000008005384                __exidx_end = .
                0x0000000008005384                . = ALIGN (0x4)

.rel.dyn        0x0000000008005384        0x0
 .rel.iplt      0x0000000008005384        0x0 /home/khoi/.eclipse/com.st.stm32cube.ide.mcu.rcp.product_1.13.2_139062293_linux_gtk_x86_64/plugins/com.st.stm32cube.ide.mcu.externaltools.gnu-tools-for-stm32.10.3-2021.10.linux64_1.1.0.202305091550/tools/bin/../lib/gcc/arm-none-eabi/10.3.1/thumb/v7e-m+fp/hard/crtbegin.o

.preinit_array  0x0000000008005384        0x0
                0x0000000008005384                . = ALIGN (0x4)
                0x0000000008005384                PROVIDE (__preinit_array_start = .)
 *(.preinit_array*)
                0x0000000008005384                PROVIDE (__preinit_array_end = .)
                0x0000000008005384                . = ALIGN (0x4)

.init_array     0x0000000008005384        0x4
                0x0000000008005384                . = ALIGN (0x4)
                0x0000000008005384                PROVIDE (__init_array_start = .)
 *(SORT_BY_NAME(.init_array.*))
 *(.init_array*)
 .init_array    0x0000000008005384        0x4 /home/khoi/.eclipse/com.st.stm32cube.ide.mcu.rcp.product_1.13.2_139062293_linux_gtk_x86_64/plugins/com.st.stm32cube.ide.mcu.externaltools.gnu-tools-for-stm32.10.3-2021.10.linux64_1.1.0.202305091550/tools/bin/../lib/gcc/arm-none-eabi/10.3.1/thumb/v7e-m+fp/hard/crtbegin.o
                0x0000000008005388                PROVIDE (__init_array_end = .)
                0x0000000008005388                . = ALIGN (0x4)

.fini_array     0x0000000008005388        0x4
                0x0000000008005388                . = ALIGN (0x4)
                [!provide]                        PROVIDE (__fini_array_start = .)
 *(SORT_BY_NAME(.fini_array.*))
 *(.fini_array*)
 .fini_array    0x0000000008005388        0x4 /home/khoi/.eclipse/com.st.stm32cube.ide.mcu.rcp.product_1.13.2_139062293_linux_gtk_x86_64/plugins/com.st.stm32cube.ide.mcu.externaltools.gnu-tools-for-stm32.10.3-2021.10.linux64_1.1.0.202305091550/tools/bin/../lib/gcc/arm-none-eabi/10.3.1/thumb/v7e-m+fp/hard/crtbegin.o
                [!provide]                        PROVIDE (__fini_array_end = .)
                0x000000000800538c                . = ALIGN (0x4)
                0x000000000800538c                _sidata = LOADADDR (.data)

.data           0x0000000020000000       0x70 load address 0x000000000800538c
                0x0000000020000000                . = ALIGN (0x4)
                0x0000000020000000                _sdata = .
 *(.data)
 *(.data*)
 .data.SystemCoreClock
                0x0000000020000000        0x4 ./Core/Src/system_stm32f4xx.o
                0x0000000020000000                SystemCoreClock
 .data.uwTickPrio
                0x0000000020000004        0x4 ./Drivers/STM32F4xx_HAL_Driver/Src/stm32f4xx_hal.o
                0x0000000020000004                uwTickPrio
 .data.uwTickFreq
                0x0000000020000008        0x1 ./Drivers/STM32F4xx_HAL_Driver/Src/stm32f4xx_hal.o
                0x0000000020000008                uwTickFreq
 *fill*         0x0000000020000009        0x3 
 .data._impure_ptr
                0x000000002000000c        0x4 /home/khoi/.eclipse/com.st.stm32cube.ide.mcu.rcp.product_1.13.2_139062293_linux_gtk_x86_64/plugins/com.st.stm32cube.ide.mcu.externaltools.gnu-tools-for-stm32.10.3-2021.10.linux64_1.1.0.202305091550/tools/bin/../lib/gcc/arm-none-eabi/10.3.1/../../../../arm-none-eabi/lib/thumb/v7e-m+fp/hard/libc_nano.a(lib_a-impure.o)
                0x000000002000000c                _impure_ptr
 .data.impure_data
                0x0000000020000010       0x60 /home/khoi/.eclipse/com.st.stm32cube.ide.mcu.rcp.product_1.13.2_139062293_linux_gtk_x86_64/plugins/com.st.stm32cube.ide.mcu.externaltools.gnu-tools-for-stm32.10.3-2021.10.linux64_1.1.0.202305091550/tools/bin/../lib/gcc/arm-none-eabi/10.3.1/../../../../arm-none-eabi/lib/thumb/v7e-m+fp/hard/libc_nano.a(lib_a-impure.o)
 *(.RamFunc)
 *(.RamFunc*)
                0x0000000020000070                . = ALIGN (0x4)
                0x0000000020000070                _edata = .
                0x00000000080053fc                _siccmram = LOADADDR (.ccmram)

.igot.plt       0x0000000020000070        0x0 load address 0x00000000080053fc
 .igot.plt      0x0000000020000070        0x0 /home/khoi/.eclipse/com.st.stm32cube.ide.mcu.rcp.product_1.13.2_139062293_linux_gtk_x86_64/plugins/com.st.stm32cube.ide.mcu.externaltools.gnu-tools-for-stm32.10.3-2021.10.linux64_1.1.0.202305091550/tools/bin/../lib/gcc/arm-none-eabi/10.3.1/thumb/v7e-m+fp/hard/crtbegin.o

.ccmram         0x0000000010000000        0x0 load address 0x00000000080053fc
                0x0000000010000000                . = ALIGN (0x4)
                0x0000000010000000                _sccmram = .
 *(.ccmram)
 *(.ccmram*)
                0x0000000010000000                . = ALIGN (0x4)
                0x0000000010000000                _eccmram = .
                0x0000000010000000                . = ALIGN (0x4)

.bss            0x0000000020000070      0x190
                0x0000000020000070                _sbss = .
                0x0000000020000070                __bss_start__ = _sbss
 *(.bss)
 .bss           0x0000000020000070       0x1c /home/khoi/.eclipse/com.st.stm32cube.ide.mcu.rcp.product_1.13.2_139062293_linux_gtk_x86_64/plugins/com.st.stm32cube.ide.mcu.externaltools.gnu-tools-for-stm32.10.3-2021.10.linux64_1.1.0.202305091550/tools/bin/../lib/gcc/arm-none-eabi/10.3.1/thumb/v7e-m+fp/hard/crtbegin.o
 *(.bss*)
 .bss.V_Set     0x000000002000008c        0x1 ./Core/Src/gpio.o
                0x000000002000008c                V_Set
 *fill*         0x000000002000008d        0x3 
 .bss.hi2c1     0x0000000020000090       0x54 ./Core/Src/i2c.o
                0x0000000020000090                hi2c1
 .bss.current_error
                0x00000000200000e4        0x4 ./Core/Src/pid.o
                0x00000000200000e4                current_error
 .bss.previous_error
                0x00000000200000e8        0x4 ./Core/Src/pid.o
                0x00000000200000e8                previous_error
 .bss.integral  0x00000000200000ec        0x4 ./Core/Src/pid.o
                0x00000000200000ec                integral
 .bss.derivative
                0x00000000200000f0        0x4 ./Core/Src/pid.o
                0x00000000200000f0                derivative
 .bss.crr_value
                0x00000000200000f4        0x4 ./Core/Src/pid.o
                0x00000000200000f4                crr_value
 .bss.CRR_value
                0x00000000200000f8        0x4 ./Core/Src/pid.o
                0x00000000200000f8                CRR_value
 .bss.pid_value
                0x00000000200000fc        0x4 ./Core/Src/pid.o
                0x00000000200000fc                pid_value
 .bss.a         0x0000000020000100        0x4 ./Core/Src/pid.o
                0x0000000020000100                a
 .bss.__sbrk_heap_end
                0x0000000020000104        0x4 ./Core/Src/sysmem.o
 .bss.RPM       0x0000000020000108        0x4 ./Core/Src/tim.o
                0x0000000020000108                RPM
 .bss.Speed_km_h
                0x000000002000010c        0x4 ./Core/Src/tim.o
                0x000000002000010c                Speed_km_h
 .bss.htim1     0x0000000020000110       0x48 ./Core/Src/tim.o
                0x0000000020000110                htim1
 .bss.htim2     0x0000000020000158       0x48 ./Core/Src/tim.o
                0x0000000020000158                htim2
 .bss.htim5     0x00000000200001a0       0x48 ./Core/Src/tim.o
                0x00000000200001a0                htim5
 .bss.Last_Encoder.0
                0x00000000200001e8        0x4 ./Core/Src/tim.o
 .bss.uwTick    0x00000000200001ec        0x4 ./Drivers/STM32F4xx_HAL_Driver/Src/stm32f4xx_hal.o
                0x00000000200001ec                uwTick
 .bss.__malloc_free_list
                0x00000000200001f0        0x4 /home/khoi/.eclipse/com.st.stm32cube.ide.mcu.rcp.product_1.13.2_139062293_linux_gtk_x86_64/plugins/com.st.stm32cube.ide.mcu.externaltools.gnu-tools-for-stm32.10.3-2021.10.linux64_1.1.0.202305091550/tools/bin/../lib/gcc/arm-none-eabi/10.3.1/../../../../arm-none-eabi/lib/thumb/v7e-m+fp/hard/libc_nano.a(lib_a-nano-mallocr.o)
                0x00000000200001f0                __malloc_free_list
 .bss.__malloc_sbrk_start
                0x00000000200001f4        0x4 /home/khoi/.eclipse/com.st.stm32cube.ide.mcu.rcp.product_1.13.2_139062293_linux_gtk_x86_64/plugins/com.st.stm32cube.ide.mcu.externaltools.gnu-tools-for-stm32.10.3-2021.10.linux64_1.1.0.202305091550/tools/bin/../lib/gcc/arm-none-eabi/10.3.1/../../../../arm-none-eabi/lib/thumb/v7e-m+fp/hard/libc_nano.a(lib_a-nano-mallocr.o)
                0x00000000200001f4                __malloc_sbrk_start
 .bss.errno     0x00000000200001f8        0x4 /home/khoi/.eclipse/com.st.stm32cube.ide.mcu.rcp.product_1.13.2_139062293_linux_gtk_x86_64/plugins/com.st.stm32cube.ide.mcu.externaltools.gnu-tools-for-stm32.10.3-2021.10.linux64_1.1.0.202305091550/tools/bin/../lib/gcc/arm-none-eabi/10.3.1/../../../../arm-none-eabi/lib/thumb/v7e-m+fp/hard/libc_nano.a(lib_a-reent.o)
                0x00000000200001f8                errno
 .bss.__lock___malloc_recursive_mutex
                0x00000000200001fc        0x1 /home/khoi/.eclipse/com.st.stm32cube.ide.mcu.rcp.product_1.13.2_139062293_linux_gtk_x86_64/plugins/com.st.stm32cube.ide.mcu.externaltools.gnu-tools-for-stm32.10.3-2021.10.linux64_1.1.0.202305091550/tools/bin/../lib/gcc/arm-none-eabi/10.3.1/../../../../arm-none-eabi/lib/thumb/v7e-m+fp/hard/libc_nano.a(lib_a-lock.o)
                0x00000000200001fc                __lock___malloc_recursive_mutex
 *(COMMON)
                0x0000000020000200                . = ALIGN (0x4)
 *fill*         0x00000000200001fd        0x3 
                0x0000000020000200                _ebss = .
                0x0000000020000200                __bss_end__ = _ebss

._user_heap_stack
                0x0000000020000200      0x600
                0x0000000020000200                . = ALIGN (0x8)
                [!provide]                        PROVIDE (end = .)
                0x0000000020000200                PROVIDE (_end = .)
                0x0000000020000400                . = (. + _Min_Heap_Size)
 *fill*         0x0000000020000200      0x200 
                0x0000000020000800                . = (. + _Min_Stack_Size)
 *fill*         0x0000000020000400      0x400 
                0x0000000020000800                . = ALIGN (0x8)

/DISCARD/
 libc.a(*)
 libm.a(*)
 libgcc.a(*)

.ARM.attributes
                0x0000000000000000       0x30
 *(.ARM.attributes)
 .ARM.attributes
                0x0000000000000000       0x1e /home/khoi/.eclipse/com.st.stm32cube.ide.mcu.rcp.product_1.13.2_139062293_linux_gtk_x86_64/plugins/com.st.stm32cube.ide.mcu.externaltools.gnu-tools-for-stm32.10.3-2021.10.linux64_1.1.0.202305091550/tools/bin/../lib/gcc/arm-none-eabi/10.3.1/thumb/v7e-m+fp/hard/crti.o
 .ARM.attributes
                0x000000000000001e       0x34 /home/khoi/.eclipse/com.st.stm32cube.ide.mcu.rcp.product_1.13.2_139062293_linux_gtk_x86_64/plugins/com.st.stm32cube.ide.mcu.externaltools.gnu-tools-for-stm32.10.3-2021.10.linux64_1.1.0.202305091550/tools/bin/../lib/gcc/arm-none-eabi/10.3.1/thumb/v7e-m+fp/hard/crtbegin.o
 .ARM.attributes
                0x0000000000000052       0x34 ./Core/Src/gpio.o
 .ARM.attributes
                0x0000000000000086       0x34 ./Core/Src/i2c.o
 .ARM.attributes
                0x00000000000000ba       0x34 ./Core/Src/main.o
 .ARM.attributes
                0x00000000000000ee       0x34 ./Core/Src/pid.o
 .ARM.attributes
                0x0000000000000122       0x34 ./Core/Src/stm32f4xx_hal_msp.o
 .ARM.attributes
                0x0000000000000156       0x34 ./Core/Src/stm32f4xx_it.o
 .ARM.attributes
                0x000000000000018a       0x34 ./Core/Src/sysmem.o
 .ARM.attributes
                0x00000000000001be       0x34 ./Core/Src/system_stm32f4xx.o
 .ARM.attributes
                0x00000000000001f2       0x34 ./Core/Src/tim.o
 .ARM.attributes
                0x0000000000000226       0x21 ./Core/Startup/startup_stm32f407vetx.o
 .ARM.attributes
                0x0000000000000247       0x34 ./Drivers/STM32F4xx_HAL_Driver/Src/stm32f4xx_hal.o
 .ARM.attributes
                0x000000000000027b       0x34 ./Drivers/STM32F4xx_HAL_Driver/Src/stm32f4xx_hal_cortex.o
 .ARM.attributes
                0x00000000000002af       0x34 ./Drivers/STM32F4xx_HAL_Driver/Src/stm32f4xx_hal_gpio.o
 .ARM.attributes
                0x00000000000002e3       0x34 ./Drivers/STM32F4xx_HAL_Driver/Src/stm32f4xx_hal_i2c.o
 .ARM.attributes
                0x0000000000000317       0x34 ./Drivers/STM32F4xx_HAL_Driver/Src/stm32f4xx_hal_rcc.o
 .ARM.attributes
                0x000000000000034b       0x34 ./Drivers/STM32F4xx_HAL_Driver/Src/stm32f4xx_hal_tim.o
 .ARM.attributes
                0x000000000000037f       0x34 ./Drivers/STM32F4xx_HAL_Driver/Src/stm32f4xx_hal_tim_ex.o
 .ARM.attributes
                0x00000000000003b3       0x34 /home/khoi/.eclipse/com.st.stm32cube.ide.mcu.rcp.product_1.13.2_139062293_linux_gtk_x86_64/plugins/com.st.stm32cube.ide.mcu.externaltools.gnu-tools-for-stm32.10.3-2021.10.linux64_1.1.0.202305091550/tools/bin/../lib/gcc/arm-none-eabi/10.3.1/../../../../arm-none-eabi/lib/thumb/v7e-m+fp/hard/libc_nano.a(lib_a-errno.o)
 .ARM.attributes
                0x00000000000003e7       0x34 /home/khoi/.eclipse/com.st.stm32cube.ide.mcu.rcp.product_1.13.2_139062293_linux_gtk_x86_64/plugins/com.st.stm32cube.ide.mcu.externaltools.gnu-tools-for-stm32.10.3-2021.10.linux64_1.1.0.202305091550/tools/bin/../lib/gcc/arm-none-eabi/10.3.1/../../../../arm-none-eabi/lib/thumb/v7e-m+fp/hard/libc_nano.a(lib_a-impure.o)
 .ARM.attributes
                0x000000000000041b       0x34 /home/khoi/.eclipse/com.st.stm32cube.ide.mcu.rcp.product_1.13.2_139062293_linux_gtk_x86_64/plugins/com.st.stm32cube.ide.mcu.externaltools.gnu-tools-for-stm32.10.3-2021.10.linux64_1.1.0.202305091550/tools/bin/../lib/gcc/arm-none-eabi/10.3.1/../../../../arm-none-eabi/lib/thumb/v7e-m+fp/hard/libc_nano.a(lib_a-init.o)
 .ARM.attributes
                0x000000000000044f       0x34 /home/khoi/.eclipse/com.st.stm32cube.ide.mcu.rcp.product_1.13.2_139062293_linux_gtk_x86_64/plugins/com.st.stm32cube.ide.mcu.externaltools.gnu-tools-for-stm32.10.3-2021.10.linux64_1.1.0.202305091550/tools/bin/../lib/gcc/arm-none-eabi/10.3.1/../../../../arm-none-eabi/lib/thumb/v7e-m+fp/hard/libc_nano.a(lib_a-memset.o)
 .ARM.attributes
                0x0000000000000483       0x34 /home/khoi/.eclipse/com.st.stm32cube.ide.mcu.rcp.product_1.13.2_139062293_linux_gtk_x86_64/plugins/com.st.stm32cube.ide.mcu.externaltools.gnu-tools-for-stm32.10.3-2021.10.linux64_1.1.0.202305091550/tools/bin/../lib/gcc/arm-none-eabi/10.3.1/../../../../arm-none-eabi/lib/thumb/v7e-m+fp/hard/libc_nano.a(lib_a-sprintf.o)
 .ARM.attributes
                0x00000000000004b7       0x34 /home/khoi/.eclipse/com.st.stm32cube.ide.mcu.rcp.product_1.13.2_139062293_linux_gtk_x86_64/plugins/com.st.stm32cube.ide.mcu.externaltools.gnu-tools-for-stm32.10.3-2021.10.linux64_1.1.0.202305091550/tools/bin/../lib/gcc/arm-none-eabi/10.3.1/../../../../arm-none-eabi/lib/thumb/v7e-m+fp/hard/libc_nano.a(lib_a-nano-svfprintf.o)
 .ARM.attributes
                0x00000000000004eb       0x34 /home/khoi/.eclipse/com.st.stm32cube.ide.mcu.rcp.product_1.13.2_139062293_linux_gtk_x86_64/plugins/com.st.stm32cube.ide.mcu.externaltools.gnu-tools-for-stm32.10.3-2021.10.linux64_1.1.0.202305091550/tools/bin/../lib/gcc/arm-none-eabi/10.3.1/../../../../arm-none-eabi/lib/thumb/v7e-m+fp/hard/libc_nano.a(lib_a-nano-vfprintf_i.o)
 .ARM.attributes
                0x000000000000051f       0x1c /home/khoi/.eclipse/com.st.stm32cube.ide.mcu.rcp.product_1.13.2_139062293_linux_gtk_x86_64/plugins/com.st.stm32cube.ide.mcu.externaltools.gnu-tools-for-stm32.10.3-2021.10.linux64_1.1.0.202305091550/tools/bin/../lib/gcc/arm-none-eabi/10.3.1/../../../../arm-none-eabi/lib/thumb/v7e-m+fp/hard/libc_nano.a(lib_a-memchr.o)
 .ARM.attributes
                0x000000000000053b       0x34 /home/khoi/.eclipse/com.st.stm32cube.ide.mcu.rcp.product_1.13.2_139062293_linux_gtk_x86_64/plugins/com.st.stm32cube.ide.mcu.externaltools.gnu-tools-for-stm32.10.3-2021.10.linux64_1.1.0.202305091550/tools/bin/../lib/gcc/arm-none-eabi/10.3.1/../../../../arm-none-eabi/lib/thumb/v7e-m+fp/hard/libc_nano.a(lib_a-memcpy-stub.o)
 .ARM.attributes
                0x000000000000056f       0x34 /home/khoi/.eclipse/com.st.stm32cube.ide.mcu.rcp.product_1.13.2_139062293_linux_gtk_x86_64/plugins/com.st.stm32cube.ide.mcu.externaltools.gnu-tools-for-stm32.10.3-2021.10.linux64_1.1.0.202305091550/tools/bin/../lib/gcc/arm-none-eabi/10.3.1/../../../../arm-none-eabi/lib/thumb/v7e-m+fp/hard/libc_nano.a(lib_a-memmove.o)
 .ARM.attributes
                0x00000000000005a3       0x34 /home/khoi/.eclipse/com.st.stm32cube.ide.mcu.rcp.product_1.13.2_139062293_linux_gtk_x86_64/plugins/com.st.stm32cube.ide.mcu.externaltools.gnu-tools-for-stm32.10.3-2021.10.linux64_1.1.0.202305091550/tools/bin/../lib/gcc/arm-none-eabi/10.3.1/../../../../arm-none-eabi/lib/thumb/v7e-m+fp/hard/libc_nano.a(lib_a-nano-freer.o)
 .ARM.attributes
                0x00000000000005d7       0x34 /home/khoi/.eclipse/com.st.stm32cube.ide.mcu.rcp.product_1.13.2_139062293_linux_gtk_x86_64/plugins/com.st.stm32cube.ide.mcu.externaltools.gnu-tools-for-stm32.10.3-2021.10.linux64_1.1.0.202305091550/tools/bin/../lib/gcc/arm-none-eabi/10.3.1/../../../../arm-none-eabi/lib/thumb/v7e-m+fp/hard/libc_nano.a(lib_a-nano-mallocr.o)
 .ARM.attributes
                0x000000000000060b       0x34 /home/khoi/.eclipse/com.st.stm32cube.ide.mcu.rcp.product_1.13.2_139062293_linux_gtk_x86_64/plugins/com.st.stm32cube.ide.mcu.externaltools.gnu-tools-for-stm32.10.3-2021.10.linux64_1.1.0.202305091550/tools/bin/../lib/gcc/arm-none-eabi/10.3.1/../../../../arm-none-eabi/lib/thumb/v7e-m+fp/hard/libc_nano.a(lib_a-nano-reallocr.o)
 .ARM.attributes
                0x000000000000063f       0x34 /home/khoi/.eclipse/com.st.stm32cube.ide.mcu.rcp.product_1.13.2_139062293_linux_gtk_x86_64/plugins/com.st.stm32cube.ide.mcu.externaltools.gnu-tools-for-stm32.10.3-2021.10.linux64_1.1.0.202305091550/tools/bin/../lib/gcc/arm-none-eabi/10.3.1/../../../../arm-none-eabi/lib/thumb/v7e-m+fp/hard/libc_nano.a(lib_a-sbrkr.o)
 .ARM.attributes
                0x0000000000000673       0x34 /home/khoi/.eclipse/com.st.stm32cube.ide.mcu.rcp.product_1.13.2_139062293_linux_gtk_x86_64/plugins/com.st.stm32cube.ide.mcu.externaltools.gnu-tools-for-stm32.10.3-2021.10.linux64_1.1.0.202305091550/tools/bin/../lib/gcc/arm-none-eabi/10.3.1/../../../../arm-none-eabi/lib/thumb/v7e-m+fp/hard/libc_nano.a(lib_a-mlock.o)
 .ARM.attributes
                0x00000000000006a7       0x34 /home/khoi/.eclipse/com.st.stm32cube.ide.mcu.rcp.product_1.13.2_139062293_linux_gtk_x86_64/plugins/com.st.stm32cube.ide.mcu.externaltools.gnu-tools-for-stm32.10.3-2021.10.linux64_1.1.0.202305091550/tools/bin/../lib/gcc/arm-none-eabi/10.3.1/../../../../arm-none-eabi/lib/thumb/v7e-m+fp/hard/libc_nano.a(lib_a-nano-msizer.o)
 .ARM.attributes
                0x00000000000006db       0x34 /home/khoi/.eclipse/com.st.stm32cube.ide.mcu.rcp.product_1.13.2_139062293_linux_gtk_x86_64/plugins/com.st.stm32cube.ide.mcu.externaltools.gnu-tools-for-stm32.10.3-2021.10.linux64_1.1.0.202305091550/tools/bin/../lib/gcc/arm-none-eabi/10.3.1/../../../../arm-none-eabi/lib/thumb/v7e-m+fp/hard/libc_nano.a(lib_a-reent.o)
 .ARM.attributes
                0x000000000000070f       0x34 /home/khoi/.eclipse/com.st.stm32cube.ide.mcu.rcp.product_1.13.2_139062293_linux_gtk_x86_64/plugins/com.st.stm32cube.ide.mcu.externaltools.gnu-tools-for-stm32.10.3-2021.10.linux64_1.1.0.202305091550/tools/bin/../lib/gcc/arm-none-eabi/10.3.1/../../../../arm-none-eabi/lib/thumb/v7e-m+fp/hard/libc_nano.a(lib_a-lock.o)
 .ARM.attributes
                0x0000000000000743       0x1e /home/khoi/.eclipse/com.st.stm32cube.ide.mcu.rcp.product_1.13.2_139062293_linux_gtk_x86_64/plugins/com.st.stm32cube.ide.mcu.externaltools.gnu-tools-for-stm32.10.3-2021.10.linux64_1.1.0.202305091550/tools/bin/../lib/gcc/arm-none-eabi/10.3.1/thumb/v7e-m+fp/hard/libgcc.a(_arm_addsubdf3.o)
 .ARM.attributes
                0x0000000000000761       0x1e /home/khoi/.eclipse/com.st.stm32cube.ide.mcu.rcp.product_1.13.2_139062293_linux_gtk_x86_64/plugins/com.st.stm32cube.ide.mcu.externaltools.gnu-tools-for-stm32.10.3-2021.10.linux64_1.1.0.202305091550/tools/bin/../lib/gcc/arm-none-eabi/10.3.1/thumb/v7e-m+fp/hard/libgcc.a(_arm_muldivdf3.o)
 .ARM.attributes
                0x000000000000077f       0x1e /home/khoi/.eclipse/com.st.stm32cube.ide.mcu.rcp.product_1.13.2_139062293_linux_gtk_x86_64/plugins/com.st.stm32cube.ide.mcu.externaltools.gnu-tools-for-stm32.10.3-2021.10.linux64_1.1.0.202305091550/tools/bin/../lib/gcc/arm-none-eabi/10.3.1/thumb/v7e-m+fp/hard/libgcc.a(_arm_fixdfsi.o)
 .ARM.attributes
                0x000000000000079d       0x1e /home/khoi/.eclipse/com.st.stm32cube.ide.mcu.rcp.product_1.13.2_139062293_linux_gtk_x86_64/plugins/com.st.stm32cube.ide.mcu.externaltools.gnu-tools-for-stm32.10.3-2021.10.linux64_1.1.0.202305091550/tools/bin/../lib/gcc/arm-none-eabi/10.3.1/thumb/v7e-m+fp/hard/libgcc.a(_arm_truncdfsf2.o)
 .ARM.attributes
                0x00000000000007bb       0x1e /home/khoi/.eclipse/com.st.stm32cube.ide.mcu.rcp.product_1.13.2_139062293_linux_gtk_x86_64/plugins/com.st.stm32cube.ide.mcu.externaltools.gnu-tools-for-stm32.10.3-2021.10.linux64_1.1.0.202305091550/tools/bin/../lib/gcc/arm-none-eabi/10.3.1/thumb/v7e-m+fp/hard/libgcc.a(_aeabi_uldivmod.o)
 .ARM.attributes
                0x00000000000007d9       0x34 /home/khoi/.eclipse/com.st.stm32cube.ide.mcu.rcp.product_1.13.2_139062293_linux_gtk_x86_64/plugins/com.st.stm32cube.ide.mcu.externaltools.gnu-tools-for-stm32.10.3-2021.10.linux64_1.1.0.202305091550/tools/bin/../lib/gcc/arm-none-eabi/10.3.1/thumb/v7e-m+fp/hard/libgcc.a(_udivmoddi4.o)
 .ARM.attributes
                0x000000000000080d       0x1e /home/khoi/.eclipse/com.st.stm32cube.ide.mcu.rcp.product_1.13.2_139062293_linux_gtk_x86_64/plugins/com.st.stm32cube.ide.mcu.externaltools.gnu-tools-for-stm32.10.3-2021.10.linux64_1.1.0.202305091550/tools/bin/../lib/gcc/arm-none-eabi/10.3.1/thumb/v7e-m+fp/hard/libgcc.a(_dvmd_tls.o)
 .ARM.attributes
                0x000000000000082b       0x1e /home/khoi/.eclipse/com.st.stm32cube.ide.mcu.rcp.product_1.13.2_139062293_linux_gtk_x86_64/plugins/com.st.stm32cube.ide.mcu.externaltools.gnu-tools-for-stm32.10.3-2021.10.linux64_1.1.0.202305091550/tools/bin/../lib/gcc/arm-none-eabi/10.3.1/thumb/v7e-m+fp/hard/crtn.o
OUTPUT(ACC_Project.elf elf32-littlearm)
LOAD linker stubs
LOAD /home/khoi/.eclipse/com.st.stm32cube.ide.mcu.rcp.product_1.13.2_139062293_linux_gtk_x86_64/plugins/com.st.stm32cube.ide.mcu.externaltools.gnu-tools-for-stm32.10.3-2021.10.linux64_1.1.0.202305091550/tools/bin/../lib/gcc/arm-none-eabi/10.3.1/../../../../arm-none-eabi/lib/thumb/v7e-m+fp/hard/libc.a
LOAD /home/khoi/.eclipse/com.st.stm32cube.ide.mcu.rcp.product_1.13.2_139062293_linux_gtk_x86_64/plugins/com.st.stm32cube.ide.mcu.externaltools.gnu-tools-for-stm32.10.3-2021.10.linux64_1.1.0.202305091550/tools/bin/../lib/gcc/arm-none-eabi/10.3.1/../../../../arm-none-eabi/lib/thumb/v7e-m+fp/hard/libm.a
LOAD /home/khoi/.eclipse/com.st.stm32cube.ide.mcu.rcp.product_1.13.2_139062293_linux_gtk_x86_64/plugins/com.st.stm32cube.ide.mcu.externaltools.gnu-tools-for-stm32.10.3-2021.10.linux64_1.1.0.202305091550/tools/bin/../lib/gcc/arm-none-eabi/10.3.1/thumb/v7e-m+fp/hard/libgcc.a

.debug_info     0x0000000000000000     0xdb8e
 .debug_info    0x0000000000000000      0x847 ./Core/Src/gpio.o
 .debug_info    0x0000000000000847      0xba9 ./Core/Src/i2c.o
 .debug_info    0x00000000000013f0      0xc71 ./Core/Src/main.o
 .debug_info    0x0000000000002061      0x78c ./Core/Src/pid.o
 .debug_info    0x00000000000027ed      0x2a8 ./Core/Src/stm32f4xx_hal_msp.o
 .debug_info    0x0000000000002a95      0x784 ./Core/Src/stm32f4xx_it.o
 .debug_info    0x0000000000003219      0x171 ./Core/Src/sysmem.o
 .debug_info    0x000000000000338a      0x523 ./Core/Src/system_stm32f4xx.o
 .debug_info    0x00000000000038ad     0x12b1 ./Core/Src/tim.o
 .debug_info    0x0000000000004b5e       0x22 ./Core/Startup/startup_stm32f407vetx.o
 .debug_info    0x0000000000004b80      0x97c ./Drivers/STM32F4xx_HAL_Driver/Src/stm32f4xx_hal.o
 .debug_info    0x00000000000054fc      0xe1b ./Drivers/STM32F4xx_HAL_Driver/Src/stm32f4xx_hal_cortex.o
 .debug_info    0x0000000000006317      0x76a ./Drivers/STM32F4xx_HAL_Driver/Src/stm32f4xx_hal_gpio.o
 .debug_info    0x0000000000006a81     0x2609 ./Drivers/STM32F4xx_HAL_Driver/Src/stm32f4xx_hal_i2c.o
 .debug_info    0x000000000000908a      0x966 ./Drivers/STM32F4xx_HAL_Driver/Src/stm32f4xx_hal_rcc.o
 .debug_info    0x00000000000099f0     0x2bbe ./Drivers/STM32F4xx_HAL_Driver/Src/stm32f4xx_hal_tim.o
 .debug_info    0x000000000000c5ae     0x15e0 ./Drivers/STM32F4xx_HAL_Driver/Src/stm32f4xx_hal_tim_ex.o

.debug_abbrev   0x0000000000000000     0x1fff
 .debug_abbrev  0x0000000000000000      0x1b5 ./Core/Src/gpio.o
 .debug_abbrev  0x00000000000001b5      0x202 ./Core/Src/i2c.o
 .debug_abbrev  0x00000000000003b7      0x280 ./Core/Src/main.o
 .debug_abbrev  0x0000000000000637      0x1bb ./Core/Src/pid.o
 .debug_abbrev  0x00000000000007f2       0xd4 ./Core/Src/stm32f4xx_hal_msp.o
 .debug_abbrev  0x00000000000008c6      0x199 ./Core/Src/stm32f4xx_it.o
 .debug_abbrev  0x0000000000000a5f       0xbb ./Core/Src/sysmem.o
 .debug_abbrev  0x0000000000000b1a      0x116 ./Core/Src/system_stm32f4xx.o
 .debug_abbrev  0x0000000000000c30      0x2d3 ./Core/Src/tim.o
 .debug_abbrev  0x0000000000000f03       0x12 ./Core/Startup/startup_stm32f407vetx.o
 .debug_abbrev  0x0000000000000f15      0x20d ./Drivers/STM32F4xx_HAL_Driver/Src/stm32f4xx_hal.o
 .debug_abbrev  0x0000000000001122      0x316 ./Drivers/STM32F4xx_HAL_Driver/Src/stm32f4xx_hal_cortex.o
 .debug_abbrev  0x0000000000001438      0x1c4 ./Drivers/STM32F4xx_HAL_Driver/Src/stm32f4xx_hal_gpio.o
 .debug_abbrev  0x00000000000015fc      0x297 ./Drivers/STM32F4xx_HAL_Driver/Src/stm32f4xx_hal_i2c.o
 .debug_abbrev  0x0000000000001893      0x2aa ./Drivers/STM32F4xx_HAL_Driver/Src/stm32f4xx_hal_rcc.o
 .debug_abbrev  0x0000000000001b3d      0x25d ./Drivers/STM32F4xx_HAL_Driver/Src/stm32f4xx_hal_tim.o
 .debug_abbrev  0x0000000000001d9a      0x265 ./Drivers/STM32F4xx_HAL_Driver/Src/stm32f4xx_hal_tim_ex.o

.debug_aranges  0x0000000000000000      0xd20
 .debug_aranges
                0x0000000000000000       0x28 ./Core/Src/gpio.o
 .debug_aranges
                0x0000000000000028       0x60 ./Core/Src/i2c.o
 .debug_aranges
                0x0000000000000088       0x38 ./Core/Src/main.o
 .debug_aranges
                0x00000000000000c0       0x28 ./Core/Src/pid.o
 .debug_aranges
                0x00000000000000e8       0x20 ./Core/Src/stm32f4xx_hal_msp.o
 .debug_aranges
                0x0000000000000108       0x78 ./Core/Src/stm32f4xx_it.o
 .debug_aranges
                0x0000000000000180       0x20 ./Core/Src/sysmem.o
 .debug_aranges
                0x00000000000001a0       0x28 ./Core/Src/system_stm32f4xx.o
 .debug_aranges
                0x00000000000001c8       0x70 ./Core/Src/tim.o
 .debug_aranges
                0x0000000000000238       0x28 ./Core/Startup/startup_stm32f407vetx.o
 .debug_aranges
                0x0000000000000260       0xf0 ./Drivers/STM32F4xx_HAL_Driver/Src/stm32f4xx_hal.o
 .debug_aranges
                0x0000000000000350      0x118 ./Drivers/STM32F4xx_HAL_Driver/Src/stm32f4xx_hal_cortex.o
 .debug_aranges
                0x0000000000000468       0x58 ./Drivers/STM32F4xx_HAL_Driver/Src/stm32f4xx_hal_gpio.o
 .debug_aranges
                0x00000000000004c0      0x2a0 ./Drivers/STM32F4xx_HAL_Driver/Src/stm32f4xx_hal_i2c.o
 .debug_aranges
                0x0000000000000760       0x88 ./Drivers/STM32F4xx_HAL_Driver/Src/stm32f4xx_hal_rcc.o
 .debug_aranges
                0x00000000000007e8      0x3d0 ./Drivers/STM32F4xx_HAL_Driver/Src/stm32f4xx_hal_tim.o
 .debug_aranges
                0x0000000000000bb8      0x168 ./Drivers/STM32F4xx_HAL_Driver/Src/stm32f4xx_hal_tim_ex.o

.debug_ranges   0x0000000000000000      0xc30
 .debug_ranges  0x0000000000000000       0x18 ./Core/Src/gpio.o
 .debug_ranges  0x0000000000000018       0x50 ./Core/Src/i2c.o
 .debug_ranges  0x0000000000000068       0x28 ./Core/Src/main.o
 .debug_ranges  0x0000000000000090       0x18 ./Core/Src/pid.o
 .debug_ranges  0x00000000000000a8       0x10 ./Core/Src/stm32f4xx_hal_msp.o
 .debug_ranges  0x00000000000000b8       0x68 ./Core/Src/stm32f4xx_it.o
 .debug_ranges  0x0000000000000120       0x10 ./Core/Src/sysmem.o
 .debug_ranges  0x0000000000000130       0x18 ./Core/Src/system_stm32f4xx.o
 .debug_ranges  0x0000000000000148       0x60 ./Core/Src/tim.o
 .debug_ranges  0x00000000000001a8       0x20 ./Core/Startup/startup_stm32f407vetx.o
 .debug_ranges  0x00000000000001c8       0xe0 ./Drivers/STM32F4xx_HAL_Driver/Src/stm32f4xx_hal.o
 .debug_ranges  0x00000000000002a8      0x108 ./Drivers/STM32F4xx_HAL_Driver/Src/stm32f4xx_hal_cortex.o
 .debug_ranges  0x00000000000003b0       0x48 ./Drivers/STM32F4xx_HAL_Driver/Src/stm32f4xx_hal_gpio.o
 .debug_ranges  0x00000000000003f8      0x2a8 ./Drivers/STM32F4xx_HAL_Driver/Src/stm32f4xx_hal_i2c.o
 .debug_ranges  0x00000000000006a0       0x78 ./Drivers/STM32F4xx_HAL_Driver/Src/stm32f4xx_hal_rcc.o
 .debug_ranges  0x0000000000000718      0x3c0 ./Drivers/STM32F4xx_HAL_Driver/Src/stm32f4xx_hal_tim.o
 .debug_ranges  0x0000000000000ad8      0x158 ./Drivers/STM32F4xx_HAL_Driver/Src/stm32f4xx_hal_tim_ex.o

.debug_macro    0x0000000000000000    0x21a7c
 .debug_macro   0x0000000000000000      0x203 ./Core/Src/gpio.o
 .debug_macro   0x0000000000000203      0xa78 ./Core/Src/gpio.o
 .debug_macro   0x0000000000000c7b      0x29b ./Core/Src/gpio.o
 .debug_macro   0x0000000000000f16       0x2e ./Core/Src/gpio.o
 .debug_macro   0x0000000000000f44       0x2f ./Core/Src/gpio.o
 .debug_macro   0x0000000000000f73       0x22 ./Core/Src/gpio.o
 .debug_macro   0x0000000000000f95       0x8e ./Core/Src/gpio.o
 .debug_macro   0x0000000000001023       0x51 ./Core/Src/gpio.o
 .debug_macro   0x0000000000001074      0x103 ./Core/Src/gpio.o
 .debug_macro   0x0000000000001177       0x6a ./Core/Src/gpio.o
 .debug_macro   0x00000000000011e1      0x1df ./Core/Src/gpio.o
 .debug_macro   0x00000000000013c0       0x1c ./Core/Src/gpio.o
 .debug_macro   0x00000000000013dc       0x22 ./Core/Src/gpio.o
 .debug_macro   0x00000000000013fe       0xd9 ./Core/Src/gpio.o
 .debug_macro   0x00000000000014d7     0x102d ./Core/Src/gpio.o
 .debug_macro   0x0000000000002504      0x11f ./Core/Src/gpio.o
 .debug_macro   0x0000000000002623    0x15e82 ./Core/Src/gpio.o
 .debug_macro   0x00000000000184a5       0x6d ./Core/Src/gpio.o
 .debug_macro   0x0000000000018512     0x367e ./Core/Src/gpio.o
 .debug_macro   0x000000000001bb90      0x174 ./Core/Src/gpio.o
 .debug_macro   0x000000000001bd04       0x5c ./Core/Src/gpio.o
 .debug_macro   0x000000000001bd60      0x96b ./Core/Src/gpio.o
 .debug_macro   0x000000000001c6cb      0x9fe ./Core/Src/gpio.o
 .debug_macro   0x000000000001d0c9      0x115 ./Core/Src/gpio.o
 .debug_macro   0x000000000001d1de      0x13e ./Core/Src/gpio.o
 .debug_macro   0x000000000001d31c       0xa5 ./Core/Src/gpio.o
 .debug_macro   0x000000000001d3c1      0x174 ./Core/Src/gpio.o
 .debug_macro   0x000000000001d535      0x287 ./Core/Src/gpio.o
 .debug_macro   0x000000000001d7bc       0x5f ./Core/Src/gpio.o
 .debug_macro   0x000000000001d81b      0x236 ./Core/Src/gpio.o
 .debug_macro   0x000000000001da51      0x12c ./Core/Src/gpio.o
 .debug_macro   0x000000000001db7d      0x21e ./Core/Src/gpio.o
 .debug_macro   0x000000000001dd9b       0x2e ./Core/Src/gpio.o
 .debug_macro   0x000000000001ddc9      0x1b5 ./Core/Src/gpio.o
 .debug_macro   0x000000000001df7e       0xd6 ./Core/Src/gpio.o
 .debug_macro   0x000000000001e054      0x11a ./Core/Src/gpio.o
 .debug_macro   0x000000000001e16e       0x7e ./Core/Src/gpio.o
 .debug_macro   0x000000000001e1ec       0x89 ./Core/Src/gpio.o
 .debug_macro   0x000000000001e275      0x8e6 ./Core/Src/gpio.o
 .debug_macro   0x000000000001eb5b       0x47 ./Core/Src/gpio.o
 .debug_macro   0x000000000001eba2      0x12d ./Core/Src/gpio.o
 .debug_macro   0x000000000001eccf       0x2e ./Core/Src/gpio.o
 .debug_macro   0x000000000001ecfd      0x1fd ./Core/Src/i2c.o
 .debug_macro   0x000000000001eefa      0x385 ./Core/Src/main.o
 .debug_macro   0x000000000001f27f       0x52 ./Core/Src/main.o
 .debug_macro   0x000000000001f2d1       0x1e ./Core/Src/main.o
 .debug_macro   0x000000000001f2ef       0x3c ./Core/Src/main.o
 .debug_macro   0x000000000001f32b       0x34 ./Core/Src/main.o
 .debug_macro   0x000000000001f35f       0x16 ./Core/Src/main.o
 .debug_macro   0x000000000001f375       0x43 ./Core/Src/main.o
 .debug_macro   0x000000000001f3b8       0x34 ./Core/Src/main.o
 .debug_macro   0x000000000001f3ec       0x10 ./Core/Src/main.o
 .debug_macro   0x000000000001f3fc       0x58 ./Core/Src/main.o
 .debug_macro   0x000000000001f454       0x71 ./Core/Src/main.o
 .debug_macro   0x000000000001f4c5       0x1c ./Core/Src/main.o
 .debug_macro   0x000000000001f4e1      0x12a ./Core/Src/main.o
 .debug_macro   0x000000000001f60b      0x341 ./Core/Src/main.o
 .debug_macro   0x000000000001f94c      0x19b ./Core/Src/main.o
 .debug_macro   0x000000000001fae7       0x1c ./Core/Src/main.o
 .debug_macro   0x000000000001fb03       0x35 ./Core/Src/main.o
 .debug_macro   0x000000000001fb38       0x10 ./Core/Src/main.o
 .debug_macro   0x000000000001fb48       0x10 ./Core/Src/main.o
 .debug_macro   0x000000000001fb58       0x1c ./Core/Src/main.o
 .debug_macro   0x000000000001fb74       0x52 ./Core/Src/main.o
 .debug_macro   0x000000000001fbc6       0x22 ./Core/Src/main.o
 .debug_macro   0x000000000001fbe8       0x10 ./Core/Src/main.o
 .debug_macro   0x000000000001fbf8       0x52 ./Core/Src/main.o
 .debug_macro   0x000000000001fc4a       0xd5 ./Core/Src/main.o
 .debug_macro   0x000000000001fd1f       0x1c ./Core/Src/main.o
 .debug_macro   0x000000000001fd3b       0x3d ./Core/Src/main.o
 .debug_macro   0x000000000001fd78       0x16 ./Core/Src/main.o
 .debug_macro   0x000000000001fd8e      0x145 ./Core/Src/main.o
 .debug_macro   0x000000000001fed3      0x2ba ./Core/Src/pid.o
 .debug_macro   0x000000000002018d      0x1ed ./Core/Src/stm32f4xx_hal_msp.o
 .debug_macro   0x000000000002037a      0x20f ./Core/Src/stm32f4xx_it.o
 .debug_macro   0x0000000000020589       0xff ./Core/Src/sysmem.o
 .debug_macro   0x0000000000020688      0x23b ./Core/Src/sysmem.o
 .debug_macro   0x00000000000208c3      0x1de ./Core/Src/system_stm32f4xx.o
 .debug_macro   0x0000000000020aa1      0x1f7 ./Core/Src/tim.o
 .debug_macro   0x0000000000020c98      0x23e ./Drivers/STM32F4xx_HAL_Driver/Src/stm32f4xx_hal.o
 .debug_macro   0x0000000000020ed6      0x1de ./Drivers/STM32F4xx_HAL_Driver/Src/stm32f4xx_hal_cortex.o
 .debug_macro   0x00000000000210b4      0x1e4 ./Drivers/STM32F4xx_HAL_Driver/Src/stm32f4xx_hal_gpio.o
 .debug_macro   0x0000000000021298      0x225 ./Drivers/STM32F4xx_HAL_Driver/Src/stm32f4xx_hal_i2c.o
 .debug_macro   0x00000000000214bd      0x202 ./Drivers/STM32F4xx_HAL_Driver/Src/stm32f4xx_hal_rcc.o
 .debug_macro   0x00000000000216bf      0x1df ./Drivers/STM32F4xx_HAL_Driver/Src/stm32f4xx_hal_tim.o
 .debug_macro   0x000000000002189e      0x1de ./Drivers/STM32F4xx_HAL_Driver/Src/stm32f4xx_hal_tim_ex.o

.debug_line     0x0000000000000000    0x10d4d
 .debug_line    0x0000000000000000      0x854 ./Core/Src/gpio.o
 .debug_line    0x0000000000000854      0x928 ./Core/Src/i2c.o
 .debug_line    0x000000000000117c      0xaa2 ./Core/Src/main.o
 .debug_line    0x0000000000001c1e      0x99d ./Core/Src/pid.o
 .debug_line    0x00000000000025bb      0x7ad ./Core/Src/stm32f4xx_hal_msp.o
 .debug_line    0x0000000000002d68      0x8c9 ./Core/Src/stm32f4xx_it.o
 .debug_line    0x0000000000003631      0x5f8 ./Core/Src/sysmem.o
 .debug_line    0x0000000000003c29      0x82e ./Core/Src/system_stm32f4xx.o
 .debug_line    0x0000000000004457      0xa1d ./Core/Src/tim.o
 .debug_line    0x0000000000004e74       0x88 ./Core/Startup/startup_stm32f407vetx.o
 .debug_line    0x0000000000004efc      0xa94 ./Drivers/STM32F4xx_HAL_Driver/Src/stm32f4xx_hal.o
 .debug_line    0x0000000000005990      0xd43 ./Drivers/STM32F4xx_HAL_Driver/Src/stm32f4xx_hal_cortex.o
 .debug_line    0x00000000000066d3      0xc08 ./Drivers/STM32F4xx_HAL_Driver/Src/stm32f4xx_hal_gpio.o
 .debug_line    0x00000000000072db     0x3a49 ./Drivers/STM32F4xx_HAL_Driver/Src/stm32f4xx_hal_i2c.o
 .debug_line    0x000000000000ad24      0xe10 ./Drivers/STM32F4xx_HAL_Driver/Src/stm32f4xx_hal_rcc.o
 .debug_line    0x000000000000bb34     0x3788 ./Drivers/STM32F4xx_HAL_Driver/Src/stm32f4xx_hal_tim.o
 .debug_line    0x000000000000f2bc     0x1a91 ./Drivers/STM32F4xx_HAL_Driver/Src/stm32f4xx_hal_tim_ex.o

.debug_str      0x0000000000000000    0xcbaa1
 .debug_str     0x0000000000000000    0xc37b5 ./Core/Src/gpio.o
                                      0xc3a6f (size before relaxing)
 .debug_str     0x00000000000c37b5      0x5d4 ./Core/Src/i2c.o
                                      0xc3a07 (size before relaxing)
 .debug_str     0x00000000000c3d89     0x4a0a ./Core/Src/main.o
                                      0xc80d4 (size before relaxing)
 .debug_str     0x00000000000c8793       0xc7 ./Core/Src/pid.o
                                      0xc6e16 (size before relaxing)
 .debug_str     0x00000000000c885a       0x2c ./Core/Src/stm32f4xx_hal_msp.o
                                      0xc3370 (size before relaxing)
 .debug_str     0x00000000000c8886      0x129 ./Core/Src/stm32f4xx_it.o
                                      0xc38bc (size before relaxing)
 .debug_str     0x00000000000c89af      0x4da ./Core/Src/sysmem.o
                                       0x5db6 (size before relaxing)
 .debug_str     0x00000000000c8e89       0xdb ./Core/Src/system_stm32f4xx.o
                                      0xc337d (size before relaxing)
 .debug_str     0x00000000000c8f64      0x444 ./Core/Src/tim.o
                                      0xc4334 (size before relaxing)
 .debug_str     0x00000000000c93a8       0x36 ./Core/Startup/startup_stm32f407vetx.o
                                         0x60 (size before relaxing)
 .debug_str     0x00000000000c93de      0x601 ./Drivers/STM32F4xx_HAL_Driver/Src/stm32f4xx_hal.o
                                      0xc3f01 (size before relaxing)
 .debug_str     0x00000000000c99df      0x30a ./Drivers/STM32F4xx_HAL_Driver/Src/stm32f4xx_hal_cortex.o
                                      0xc3c34 (size before relaxing)
 .debug_str     0x00000000000c9ce9       0xcb ./Drivers/STM32F4xx_HAL_Driver/Src/stm32f4xx_hal_gpio.o
                                      0xc34f8 (size before relaxing)
 .debug_str     0x00000000000c9db4      0xaf7 ./Drivers/STM32F4xx_HAL_Driver/Src/stm32f4xx_hal_i2c.o
                                      0xc4348 (size before relaxing)
 .debug_str     0x00000000000ca8ab      0x213 ./Drivers/STM32F4xx_HAL_Driver/Src/stm32f4xx_hal_rcc.o
                                      0xc37b1 (size before relaxing)
 .debug_str     0x00000000000caabe      0xc02 ./Drivers/STM32F4xx_HAL_Driver/Src/stm32f4xx_hal_tim.o
                                      0xc46f7 (size before relaxing)
 .debug_str     0x00000000000cb6c0      0x3e1 ./Drivers/STM32F4xx_HAL_Driver/Src/stm32f4xx_hal_tim_ex.o
                                      0xc3f13 (size before relaxing)

.comment        0x0000000000000000       0x50
 .comment       0x0000000000000000       0x50 ./Core/Src/gpio.o
                                         0x51 (size before relaxing)
 .comment       0x0000000000000050       0x51 ./Core/Src/i2c.o
 .comment       0x0000000000000050       0x51 ./Core/Src/main.o
 .comment       0x0000000000000050       0x51 ./Core/Src/pid.o
 .comment       0x0000000000000050       0x51 ./Core/Src/stm32f4xx_hal_msp.o
 .comment       0x0000000000000050       0x51 ./Core/Src/stm32f4xx_it.o
 .comment       0x0000000000000050       0x51 ./Core/Src/sysmem.o
 .comment       0x0000000000000050       0x51 ./Core/Src/system_stm32f4xx.o
 .comment       0x0000000000000050       0x51 ./Core/Src/tim.o
 .comment       0x0000000000000050       0x51 ./Drivers/STM32F4xx_HAL_Driver/Src/stm32f4xx_hal.o
 .comment       0x0000000000000050       0x51 ./Drivers/STM32F4xx_HAL_Driver/Src/stm32f4xx_hal_cortex.o
 .comment       0x0000000000000050       0x51 ./Drivers/STM32F4xx_HAL_Driver/Src/stm32f4xx_hal_gpio.o
 .comment       0x0000000000000050       0x51 ./Drivers/STM32F4xx_HAL_Driver/Src/stm32f4xx_hal_i2c.o
 .comment       0x0000000000000050       0x51 ./Drivers/STM32F4xx_HAL_Driver/Src/stm32f4xx_hal_rcc.o
 .comment       0x0000000000000050       0x51 ./Drivers/STM32F4xx_HAL_Driver/Src/stm32f4xx_hal_tim.o
 .comment       0x0000000000000050       0x51 ./Drivers/STM32F4xx_HAL_Driver/Src/stm32f4xx_hal_tim_ex.o

.debug_frame    0x0000000000000000     0x3bf4
 .debug_frame   0x0000000000000000       0x58 ./Core/Src/gpio.o
 .debug_frame   0x0000000000000058      0x144 ./Core/Src/i2c.o
 .debug_frame   0x000000000000019c       0x90 ./Core/Src/main.o
 .debug_frame   0x000000000000022c       0x60 ./Core/Src/pid.o
 .debug_frame   0x000000000000028c       0x38 ./Core/Src/stm32f4xx_hal_msp.o
 .debug_frame   0x00000000000002c4      0x158 ./Core/Src/stm32f4xx_it.o
 .debug_frame   0x000000000000041c       0x34 ./Core/Src/sysmem.o
 .debug_frame   0x0000000000000450       0x58 ./Core/Src/system_stm32f4xx.o
 .debug_frame   0x00000000000004a8      0x1a4 ./Core/Src/tim.o
 .debug_frame   0x000000000000064c      0x374 ./Drivers/STM32F4xx_HAL_Driver/Src/stm32f4xx_hal.o
 .debug_frame   0x00000000000009c0      0x498 ./Drivers/STM32F4xx_HAL_Driver/Src/stm32f4xx_hal_cortex.o
 .debug_frame   0x0000000000000e58      0x14c ./Drivers/STM32F4xx_HAL_Driver/Src/stm32f4xx_hal_gpio.o
 .debug_frame   0x0000000000000fa4      0xc5c ./Drivers/STM32F4xx_HAL_Driver/Src/stm32f4xx_hal_i2c.o
 .debug_frame   0x0000000000001c00      0x1f4 ./Drivers/STM32F4xx_HAL_Driver/Src/stm32f4xx_hal_rcc.o
 .debug_frame   0x0000000000001df4     0x11c4 ./Drivers/STM32F4xx_HAL_Driver/Src/stm32f4xx_hal_tim.o
 .debug_frame   0x0000000000002fb8      0x638 ./Drivers/STM32F4xx_HAL_Driver/Src/stm32f4xx_hal_tim_ex.o
 .debug_frame   0x00000000000035f0       0x20 /home/khoi/.eclipse/com.st.stm32cube.ide.mcu.rcp.product_1.13.2_139062293_linux_gtk_x86_64/plugins/com.st.stm32cube.ide.mcu.externaltools.gnu-tools-for-stm32.10.3-2021.10.linux64_1.1.0.202305091550/tools/bin/../lib/gcc/arm-none-eabi/10.3.1/../../../../arm-none-eabi/lib/thumb/v7e-m+fp/hard/libc_nano.a(lib_a-errno.o)
 .debug_frame   0x0000000000003610       0x2c /home/khoi/.eclipse/com.st.stm32cube.ide.mcu.rcp.product_1.13.2_139062293_linux_gtk_x86_64/plugins/com.st.stm32cube.ide.mcu.externaltools.gnu-tools-for-stm32.10.3-2021.10.linux64_1.1.0.202305091550/tools/bin/../lib/gcc/arm-none-eabi/10.3.1/../../../../arm-none-eabi/lib/thumb/v7e-m+fp/hard/libc_nano.a(lib_a-init.o)
 .debug_frame   0x000000000000363c       0x20 /home/khoi/.eclipse/com.st.stm32cube.ide.mcu.rcp.product_1.13.2_139062293_linux_gtk_x86_64/plugins/com.st.stm32cube.ide.mcu.externaltools.gnu-tools-for-stm32.10.3-2021.10.linux64_1.1.0.202305091550/tools/bin/../lib/gcc/arm-none-eabi/10.3.1/../../../../arm-none-eabi/lib/thumb/v7e-m+fp/hard/libc_nano.a(lib_a-memset.o)
 .debug_frame   0x000000000000365c       0x6c /home/khoi/.eclipse/com.st.stm32cube.ide.mcu.rcp.product_1.13.2_139062293_linux_gtk_x86_64/plugins/com.st.stm32cube.ide.mcu.externaltools.gnu-tools-for-stm32.10.3-2021.10.linux64_1.1.0.202305091550/tools/bin/../lib/gcc/arm-none-eabi/10.3.1/../../../../arm-none-eabi/lib/thumb/v7e-m+fp/hard/libc_nano.a(lib_a-sprintf.o)
 .debug_frame   0x00000000000036c8       0x90 /home/khoi/.eclipse/com.st.stm32cube.ide.mcu.rcp.product_1.13.2_139062293_linux_gtk_x86_64/plugins/com.st.stm32cube.ide.mcu.externaltools.gnu-tools-for-stm32.10.3-2021.10.linux64_1.1.0.202305091550/tools/bin/../lib/gcc/arm-none-eabi/10.3.1/../../../../arm-none-eabi/lib/thumb/v7e-m+fp/hard/libc_nano.a(lib_a-nano-svfprintf.o)
 .debug_frame   0x0000000000003758       0x60 /home/khoi/.eclipse/com.st.stm32cube.ide.mcu.rcp.product_1.13.2_139062293_linux_gtk_x86_64/plugins/com.st.stm32cube.ide.mcu.externaltools.gnu-tools-for-stm32.10.3-2021.10.linux64_1.1.0.202305091550/tools/bin/../lib/gcc/arm-none-eabi/10.3.1/../../../../arm-none-eabi/lib/thumb/v7e-m+fp/hard/libc_nano.a(lib_a-nano-vfprintf_i.o)
 .debug_frame   0x00000000000037b8       0x28 /home/khoi/.eclipse/com.st.stm32cube.ide.mcu.rcp.product_1.13.2_139062293_linux_gtk_x86_64/plugins/com.st.stm32cube.ide.mcu.externaltools.gnu-tools-for-stm32.10.3-2021.10.linux64_1.1.0.202305091550/tools/bin/../lib/gcc/arm-none-eabi/10.3.1/../../../../arm-none-eabi/lib/thumb/v7e-m+fp/hard/libc_nano.a(lib_a-memcpy-stub.o)
 .debug_frame   0x00000000000037e0       0x28 /home/khoi/.eclipse/com.st.stm32cube.ide.mcu.rcp.product_1.13.2_139062293_linux_gtk_x86_64/plugins/com.st.stm32cube.ide.mcu.externaltools.gnu-tools-for-stm32.10.3-2021.10.linux64_1.1.0.202305091550/tools/bin/../lib/gcc/arm-none-eabi/10.3.1/../../../../arm-none-eabi/lib/thumb/v7e-m+fp/hard/libc_nano.a(lib_a-memmove.o)
 .debug_frame   0x0000000000003808       0x38 /home/khoi/.eclipse/com.st.stm32cube.ide.mcu.rcp.product_1.13.2_139062293_linux_gtk_x86_64/plugins/com.st.stm32cube.ide.mcu.externaltools.gnu-tools-for-stm32.10.3-2021.10.linux64_1.1.0.202305091550/tools/bin/../lib/gcc/arm-none-eabi/10.3.1/../../../../arm-none-eabi/lib/thumb/v7e-m+fp/hard/libc_nano.a(lib_a-nano-freer.o)
 .debug_frame   0x0000000000003840       0x4c /home/khoi/.eclipse/com.st.stm32cube.ide.mcu.rcp.product_1.13.2_139062293_linux_gtk_x86_64/plugins/com.st.stm32cube.ide.mcu.externaltools.gnu-tools-for-stm32.10.3-2021.10.linux64_1.1.0.202305091550/tools/bin/../lib/gcc/arm-none-eabi/10.3.1/../../../../arm-none-eabi/lib/thumb/v7e-m+fp/hard/libc_nano.a(lib_a-nano-mallocr.o)
 .debug_frame   0x000000000000388c       0x3c /home/khoi/.eclipse/com.st.stm32cube.ide.mcu.rcp.product_1.13.2_139062293_linux_gtk_x86_64/plugins/com.st.stm32cube.ide.mcu.externaltools.gnu-tools-for-stm32.10.3-2021.10.linux64_1.1.0.202305091550/tools/bin/../lib/gcc/arm-none-eabi/10.3.1/../../../../arm-none-eabi/lib/thumb/v7e-m+fp/hard/libc_nano.a(lib_a-nano-reallocr.o)